Component: ARM Compiler 5.06 update 6 (build 750) Tool: armlink [4d35ed]

==============================================================================

Section Cross References

    usart.o(i.uart_init) refers to stm32f10x_rcc.o(i.RCC_APB2PeriphClockCmd) for RCC_APB2PeriphClockCmd
    usart.o(i.uart_init) refers to stm32f10x_gpio.o(i.GPIO_Init) for GPIO_Init
    usart.o(i.uart_init) refers to misc.o(i.NVIC_Init) for NVIC_Init
    usart.o(i.uart_init) refers to stm32f10x_usart.o(i.USART_Init) for USART_Init
    usart.o(i.uart_init) refers to stm32f10x_usart.o(i.USART_ITConfig) for USART_ITConfig
    usart.o(i.uart_init) refers to stm32f10x_usart.o(i.USART_Cmd) for USART_Cmd
    STM32_ADC.o(i.ADC1_init) refers to STM32_gpio.o(i.gpio_init) for gpio_init
    STM32_ADC.o(i.ADC1_init) refers to STM32_ADC.o(.data) for CHx
    STM32_ADC.o(i.ADC2_init) refers to STM32_gpio.o(i.gpio_init) for gpio_init
    STM32_ADC.o(i.ADC2_init) refers to STM32_ADC.o(.data) for CHx
    STM32_ADC.o(i.get_ADC1) refers to STM32_ADC.o(.data) for CHx
    STM32_ADC.o(i.get_ADC2) refers to STM32_ADC.o(.data) for CHx
    STM32_ADC.o(i.show_ADC1) refers to STM32_usart.o(i.USART_Sent_String) for USART_Sent_String
    STM32_ADC.o(i.show_ADC1) refers to STM32_ADC.o(i.get_ADC1) for get_ADC1
    STM32_ADC.o(i.show_ADC1) refers to ffltui.o(.text) for __aeabi_ui2f
    STM32_ADC.o(i.show_ADC1) refers to f2d.o(.text) for __aeabi_f2d
    STM32_ADC.o(i.show_ADC1) refers to dmul.o(.text) for __aeabi_dmul
    STM32_ADC.o(i.show_ADC1) refers to d2f.o(.text) for __aeabi_d2f
    STM32_ADC.o(i.show_ADC1) refers to fmul.o(.text) for __aeabi_fmul
    STM32_ADC.o(i.show_ADC1) refers to ffixui.o(.text) for __aeabi_f2uiz
    STM32_ADC.o(i.show_ADC1) refers to STM32_usart.o(i.USART_Sent_char) for USART_Sent_char
    STM32_ADC.o(i.show_ADC1) refers to delay.o(i.delay_ms) for delay_ms
    STM32_ADC.o(i.show_ADC2) refers to STM32_usart.o(i.USART_Sent_String) for USART_Sent_String
    STM32_ADC.o(i.show_ADC2) refers to STM32_ADC.o(i.get_ADC2) for get_ADC2
    STM32_ADC.o(i.show_ADC2) refers to ffltui.o(.text) for __aeabi_ui2f
    STM32_ADC.o(i.show_ADC2) refers to f2d.o(.text) for __aeabi_f2d
    STM32_ADC.o(i.show_ADC2) refers to dmul.o(.text) for __aeabi_dmul
    STM32_ADC.o(i.show_ADC2) refers to d2f.o(.text) for __aeabi_d2f
    STM32_ADC.o(i.show_ADC2) refers to fmul.o(.text) for __aeabi_fmul
    STM32_ADC.o(i.show_ADC2) refers to ffixui.o(.text) for __aeabi_f2uiz
    STM32_ADC.o(i.show_ADC2) refers to STM32_usart.o(i.USART_Sent_char) for USART_Sent_char
    STM32_ADC.o(i.show_ADC2) refers to delay.o(i.delay_ms) for delay_ms
    STM32_TIM.o(i.TIM_PWM_init) refers to STM32_gpio.o(i.GPIO_TIM_IOint) for GPIO_TIM_IOint
    STM32_gpio.o(i.GPIO_TIM_IOint) refers to STM32_gpio.o(i.GPIO_Set) for GPIO_Set
    STM32_gpio.o(i.GPIO_USART_IOint) refers to STM32_gpio.o(i.GPIO_Set) for GPIO_Set
    STM32_gpio.o(i.GPIO_init_All_like) refers to STM32_gpio.o(i.GPIO_init) for GPIO_init
    STM32_gpio.o(i.GPIO_init_PinAll) refers to STM32_gpio.o(i.GPIO_init) for GPIO_init
    STM32_gpio.o(i.gpio_GetIO) refers to STM32_gpio.o(i.change_pin) for change_pin
    STM32_gpio.o(i.gpio_GetIO) refers to STM32_gpio.o(i.GPIO_GetIO) for GPIO_GetIO
    STM32_gpio.o(i.gpio_Set) refers to STM32_gpio.o(i.change_pin) for change_pin
    STM32_gpio.o(i.gpio_Set) refers to STM32_gpio.o(i.GPIO_Set) for GPIO_Set
    STM32_gpio.o(i.gpio_SetIO) refers to STM32_gpio.o(i.change_pin) for change_pin
    STM32_gpio.o(i.gpio_SetIO) refers to STM32_gpio.o(i.GPIO_SetIO) for GPIO_SetIO
    STM32_gpio.o(i.gpio_Setstate) refers to STM32_gpio.o(i.change_pin) for change_pin
    STM32_gpio.o(i.gpio_Setstate) refers to STM32_gpio.o(i.GPIO_Setstate) for GPIO_Setstate
    STM32_gpio.o(i.gpio_init) refers to STM32_gpio.o(i.change_pin) for change_pin
    STM32_gpio.o(i.gpio_init) refers to STM32_gpio.o(i.GPIO_init) for GPIO_init
    STM32_usart.o(i.USART_Get_String) refers to STM32_usart.o(i.USART_Get_char) for USART_Get_char
    STM32_usart.o(i.USART_Sent_String) refers to STM32_usart.o(i.USART_Sent_char) for USART_Sent_char
    STM32_usart.o(i.USART_Sent_nbit) refers to STM32_usart.o(i.USART_Sent_char) for USART_Sent_char
    STM32_usart.o(i.USART_init) refers to STM32_gpio.o(i.GPIO_USART_IOint) for GPIO_USART_IOint
    STM32_usart.o(i.USART_init) refers to ffltui.o(.text) for __aeabi_ui2f
    STM32_usart.o(i.USART_init) refers to fdiv.o(.text) for __aeabi_fdiv
    STM32_usart.o(i.USART_init) refers to ffixui.o(.text) for __aeabi_f2uiz
    STM32_usart.o(i.USART_init) refers to fadd.o(.text) for __aeabi_frsub
    STM32_usart.o(i.USART_init) refers to fmul.o(.text) for __aeabi_fmul
    myiic.o(i.IIC_Ack) refers to STM32_gpio.o(i.gpio_Setstate) for gpio_Setstate
    myiic.o(i.IIC_Ack) refers to STM32_gpio.o(i.gpio_Set) for gpio_Set
    myiic.o(i.IIC_Ack) refers to delay.o(i.delay_us) for delay_us
    myiic.o(i.IIC_Init) refers to STM32_gpio.o(i.gpio_init) for gpio_init
[...]
    ../clib/microlib/stubs.s                 0x00000000   Number         0  iusefp.o ABSOLUTE
    ../clib/microlib/stubs.s                 0x00000000   Number         0  useno.o ABSOLUTE
    ../clib/scanf.c                          0x00000000   Number         0  atol.o ABSOLUTE
    ../clib/scanf.c                          0x00000000   Number         0  _strtoul.o ABSOLUTE
    ../clib/scanf.c                          0x00000000   Number         0  _sgetc.o ABSOLUTE
    ../clib/scanf.c                          0x00000000   Number         0  scanf_fp.o ABSOLUTE
    ../clib/scanf.c                          0x00000000   Number         0  strtol.o ABSOLUTE
    ../clib/scanf.c                          0x00000000   Number         0  strtod.o ABSOLUTE
    ../clib/scanf.c                          0x00000000   Number         0  _chval.o ABSOLUTE
    ../clib/stdlib.c                         0x00000000   Number         0  cxa_finalize.o ABSOLUTE
    ../clib/stdlib.c                         0x00000000   Number         0  aeabi_atexit.o ABSOLUTE
    ../fplib/microlib/d2f.c                  0x00000000   Number         0  d2f.o ABSOLUTE
    ../fplib/microlib/f2d.c                  0x00000000   Number         0  f2d.o ABSOLUTE
    ../fplib/microlib/fpadd.c                0x00000000   Number         0  dadd.o ABSOLUTE
    ../fplib/microlib/fpadd.c                0x00000000   Number         0  fadd.o ABSOLUTE
    ../fplib/microlib/fpdiv.c                0x00000000   Number         0  fdiv.o ABSOLUTE
    ../fplib/microlib/fpdiv.c                0x00000000   Number         0  ddiv.o ABSOLUTE
    ../fplib/microlib/fpepilogue.c           0x00000000   Number         0  fepilogue.o ABSOLUTE
    ../fplib/microlib/fpepilogue.c           0x00000000   Number         0  depilogue.o ABSOLUTE
    ../fplib/microlib/fpfix.c                0x00000000   Number         0  ffixi.o ABSOLUTE
    ../fplib/microlib/fpfix.c                0x00000000   Number         0  dfixui.o ABSOLUTE
    ../fplib/microlib/fpfix.c                0x00000000   Number         0  dfixl.o ABSOLUTE
    ../fplib/microlib/fpfix.c                0x00000000   Number         0  dfixul.o ABSOLUTE
    ../fplib/microlib/fpfix.c                0x00000000   Number         0  dfixi.o ABSOLUTE
    ../fplib/microlib/fpfix.c                0x00000000   Number         0  ffixui.o ABSOLUTE
    ../fplib/microlib/fpflt.c                0x00000000   Number         0  dflti.o ABSOLUTE
    ../fplib/microlib/fpflt.c                0x00000000   Number         0  dfltl.o ABSOLUTE
    ../fplib/microlib/fpflt.c                0x00000000   Number         0  dfltui.o ABSOLUTE
    ../fplib/microlib/fpflt.c                0x00000000   Number         0  ffltui.o ABSOLUTE
    ../fplib/microlib/fpflt.c                0x00000000   Number         0  fflti.o ABSOLUTE
    ../fplib/microlib/fpflt.c                0x00000000   Number         0  dfltul.o ABSOLUTE
    ../fplib/microlib/fpmul.c                0x00000000   Number         0  fmul.o ABSOLUTE
    ../fplib/microlib/fpmul.c                0x00000000   Number         0  dmul.o ABSOLUTE
    ../mathlib/atof.c                        0x00000000   Number         0  atof.o ABSOLUTE
    .\\lib\\ALIENTEK_lib\\sys\\sys.c         0x00000000   Number         0  sys.o ABSOLUTE
    .\\lib\\ALIENTEK_lib\\usart\\usart.c     0x00000000   Number         0  usart.o ABSOLUTE
    .\\lib\\BHUEN_library\\Basic\\STM32_ADC\\STM32_ADC.c 0x00000000   Number         0  STM32_ADC.o ABSOLUTE
    .\\lib\\BHUEN_library\\Basic\\STM32_EXTI\\STM32_EXTI.c 0x00000000   Number         0  STM32_EXTI.o ABSOLUTE
    .\\lib\\BHUEN_library\\Basic\\STM32_TIM\\STM32_TIM.c 0x00000000   Number         0  STM32_TIM.o ABSOLUTE
    .\\lib\\BHUEN_library\\Basic\\STM32_gpio\\STM32_gpio.c 0x00000000   Number         0  STM32_gpio.o ABSOLUTE
    .\\lib\\BHUEN_library\\Basic\\STM32_spi\\STM32_spi.c 0x00000000   Number         0  STM32_spi.o ABSOLUTE
    .\\lib\\BHUEN_library\\Basic\\STM32_usart\\STM32_usart.c 0x00000000   Number         0  STM32_usart.o ABSOLUTE
    .\\lib\\BHUEN_library\\Basic\\irq\\irq.c 0x00000000   Number         0  irq.o ABSOLUTE
    .\\lib\\BHUEN_library\\Basic\\myiic\\myiic.c 0x00000000   Number         0  myiic.o ABSOLUTE
    .\\lib\\BHUEN_library\\Peripheral\\DS1302\\DS1302.c 0x00000000   Number         0  DS1302.o ABSOLUTE
    .\\lib\\BHUEN_library\\Peripheral\\GY\\GY.c 0x00000000   Number         0  GY.o ABSOLUTE
    .\\lib\\BHUEN_library\\Peripheral\\HC595DAC0832\\HC595DAC0832.c 0x00000000   Number         0  HC595DAC0832.o ABSOLUTE
    .\\lib\\BHUEN_library\\Peripheral\\NRF24L01\\NRF24L01.c 0x00000000   Number         0  NRF24L01.o ABSOLUTE
    .\\lib\\BHUEN_library\\Peripheral\\QDtech\\QDtech.c 0x00000000   Number         0  QDtech.o ABSOLUTE
    .\\lib\\BHUEN_library\\Peripheral\\TFT\\TFT.c 0x00000000   Number         0  TFT.o ABSOLUTE
    .\\lib\\BHUEN_library\\Peripheral\\W5500\\W5500.c 0x00000000   Number         0  W5500.o ABSOLUTE
    .\\lib\\BHUEN_library\\Peripheral\\dht11\\dht11.c 0x00000000   Number         0  dht11.o ABSOLUTE
    .\\lib\\BHUEN_library\\Peripheral\\him\\him.c 0x00000000   Number         0  him.o ABSOLUTE
    .\\lib\\BHUEN_library\\Peripheral\\lcd1602\\lcd1602.c 0x00000000   Number         0  lcd1602.o ABSOLUTE
    .\\lib\\BHUEN_library\\Peripheral\\led_1488\\led_1488.c 0x00000000   Number         0  led_1488.o ABSOLUTE
    .\\lib\\BHUEN_library\\Peripheral\\oled\\oled.c 0x00000000   Number         0  oled.o ABSOLUTE
    .\\lib\\BHUEN_library\\Scoke\\http_head.c 0x00000000   Number         0  http_head.o ABSOLUTE
    .\\lib\\Core\\adc.c                      0x00000000   Number         0  adc.o ABSOLUTE
    .\\lib\\Core\\delay.c                    0x00000000   Number         0  delay.o ABSOLUTE
    .\\lib\\Core\\exti.c                     0x00000000   Number         0  exti.o ABSOLUTE
    .\\lib\\Core\\gpio.c                     0x00000000   Number         0  gpio.o ABSOLUTE
    .\\lib\\Core\\pwm.c                      0x00000000   Number         0  pwm.o ABSOLUTE
    .\\lib\\Core\\timer.c                    0x00000000   Number         0  timer.o ABSOLUTE
    .\\lib\\Servo\\Servo.cpp                 0x00000000   Number         0  Servo.o ABSOLUTE
    .\\lib\\hal\\STM32F10x_StdPeriph_Driver\\src\\misc.c 0x00000000   Number         0  misc.o ABSOLUTE
    .\\lib\\hal\\STM32F10x_StdPeriph_Driver\\src\\stm32f10x_adc.c 0x00000000   Number         0  stm32f10x_adc.o ABSOLUTE
    .\\lib\\hal\\STM32F10x_StdPeriph_Driver\\src\\stm32f10x_bkp.c 0x00000000   Number         0  stm32f10x_bkp.o ABSOLUTE
    .\\lib\\hal\\STM32F10x_StdPeriph_Driver\\src\\stm32f10x_can.c 0x00000000   Number         0  stm32f10x_can.o ABSOLUTE
    .\\lib\\hal\\STM32F10x_StdPeriph_Driver\\src\\stm32f10x_cec.c 0x00000000   Number         0  stm32f10x_cec.o ABSOLUTE
    .\\lib\\hal\\STM32F10x_StdPeriph_Driver\\src\\stm32f10x_crc.c 0x00000000   Number         0  stm32f10x_crc.o ABSOLUTE
    .\\lib\\hal\\STM32F10x_StdPeriph_Driver\\src\\stm32f10x_dac.c 0x00000000   Number         0  stm32f10x_dac.o ABSOLUTE
    .\\lib\\hal\\STM32F10x_StdPeriph_Driver\\src\\stm32f10x_dbgmcu.c 0x00000000   Number         0  stm32f10x_dbgmcu.o ABSOLUTE
    .\\lib\\hal\\STM32F10x_StdPeriph_Driver\\src\\stm32f10x_dma.c 0x00000000   Number         0  stm32f10x_dma.o ABSOLUTE
    .\\lib\\hal\\STM32F10x_StdPeriph_Driver\\src\\stm32f10x_exti.c 0x00000000   Number         0  stm32f10x_exti.o ABSOLUTE
    .\\lib\\hal\\STM32F10x_StdPeriph_Driver\\src\\stm32f10x_flash.c 0x00000000   Number         0  stm32f10x_flash.o ABSOLUTE
    .\\lib\\hal\\STM32F10x_StdPeriph_Driver\\src\\stm32f10x_fsmc.c 0x00000000   Number         0  stm32f10x_fsmc.o ABSOLUTE
    .\\lib\\hal\\STM32F10x_StdPeriph_Driver\\src\\stm32f10x_gpio.c 0x00000000   Number         0  stm32f10x_gpio.o ABSOLUTE
    .\\lib\\hal\\STM32F10x_StdPeriph_Driver\\src\\stm32f10x_i2c.c 0x00000000   Number         0  stm32f10x_i2c.o ABSOLUTE
    .\\lib\\hal\\STM32F10x_StdPeriph_Driver\\src\\stm32f10x_iwdg.c 0x00000000   Number         0  stm32f10x_iwdg.o ABSOLUTE
    .\\lib\\hal\\STM32F10x_StdPeriph_Driver\\src\\stm32f10x_pwr.c 0x00000000   Number         0  stm32f10x_pwr.o ABSOLUTE
    .\\lib\\hal\\STM32F10x_StdPeriph_Driver\\src\\stm32f10x_rcc.c 0x00000000   Number         0  stm32f10x_rcc.o ABSOLUTE
    .\\lib\\hal\\STM32F10x_StdPeriph_Driver\\src\\stm32f10x_rtc.c 0x00000000   Number         0  stm32f10x_rtc.o ABSOLUTE
    .\\lib\\hal\\STM32F10x_StdPeriph_Driver\\src\\stm32f10x_sdio.c 0x00000000   Number         0  stm32f10x_sdio.o ABSOLUTE
    .\\lib\\hal\\STM32F10x_StdPeriph_Driver\\src\\stm32f10x_spi.c 0x00000000   Number         0  stm32f10x_spi.o ABSOLUTE
    .\\lib\\hal\\STM32F10x_StdPeriph_Driver\\src\\stm32f10x_tim.c 0x00000000   Number         0  stm32f10x_tim.o ABSOLUTE
    .\\lib\\hal\\STM32F10x_StdPeriph_Driver\\src\\stm32f10x_usart.c 0x00000000   Number         0  stm32f10x_usart.o ABSOLUTE
    .\\lib\\hal\\STM32F10x_StdPeriph_Driver\\src\\stm32f10x_wwdg.c 0x00000000   Number         0  stm32f10x_wwdg.o ABSOLUTE
    .\\lib\\hal\\STM32F10x_StdPeriph_Driver\\system_stm32f10x.c 0x00000000   Number         0  system_stm32f10x.o ABSOLUTE
    .\\lib\\qiArdlib\\HardwareSerial.cpp     0x00000000   Number         0  HardwareSerial.o ABSOLUTE
    .\\lib\\qiArdlib\\IPAddress.cpp          0x00000000   Number         0  IPAddress.o ABSOLUTE
    .\\lib\\qiArdlib\\SPI.cpp                0x00000000   Number         0  SPI.o ABSOLUTE
    .\\lib\\qiArdlib\\Stream.cpp             0x00000000   Number         0  Stream.o ABSOLUTE
    .\\lib\\qiArdlib\\Tone.cpp               0x00000000   Number         0  Tone.o ABSOLUTE
    .\\lib\\qiArdlib\\WMath.cpp              0x00000000   Number         0  WMath.o ABSOLUTE
    .\\lib\\qiArdlib\\Wire.cpp               0x00000000   Number         0  Wire.o ABSOLUTE
    .\\lib\\qiArdlib\\WireBase.cpp           0x00000000   Number         0  WireBase.o ABSOLUTE
    .\\lib\\qiArdlib\\qiArdlib.c             0x00000000   Number         0  qiArdlib.o ABSOLUTE
    .\\src\\main.cpp                         0x00000000   Number         0  main.o ABSOLUTE
    .\lib\ALIENTEK_lib\sys\sys.c             0x00000000   Number         0  sys.o ABSOLUTE
    .\lib\ALIENTEK_lib\usart\usart.c         0x00000000   Number         0  usart.o ABSOLUTE
    .\lib\BHUEN_library\Basic\STM32_ADC\STM32_ADC.c 0x00000000   Number         0  STM32_ADC.o ABSOLUTE
    .\lib\BHUEN_library\Basic\STM32_EXTI\STM32_EXTI.c 0x00000000   Number         0  STM32_EXTI.o ABSOLUTE
    .\lib\BHUEN_library\Basic\STM32_TIM\STM32_TIM.c 0x00000000   Number         0  STM32_TIM.o ABSOLUTE
    .\lib\BHUEN_library\Basic\STM32_gpio\STM32_gpio.c 0x00000000   Number         0  STM32_gpio.o ABSOLUTE
    .\lib\BHUEN_library\Basic\STM32_spi\STM32_spi.c 0x00000000   Number         0  STM32_spi.o ABSOLUTE
    .\lib\BHUEN_library\Basic\STM32_usart\STM32_usart.c 0x00000000   Number         0  STM32_usart.o ABSOLUTE
    .\lib\BHUEN_library\Basic\irq\irq.c      0x00000000   Number         0  irq.o ABSOLUTE
    .\lib\BHUEN_library\Basic\myiic\myiic.c  0x00000000   Number         0  myiic.o ABSOLUTE
    .\lib\BHUEN_library\Peripheral\DS1302\DS1302.c 0x00000000   Number         0  DS1302.o ABSOLUTE
    .\lib\BHUEN_library\Peripheral\GY\GY.c   0x00000000   Number         0  GY.o ABSOLUTE
    .\lib\BHUEN_library\Peripheral\HC595DAC0832\HC595DAC0832.c 0x00000000   Number         0  HC595DAC0832.o ABSOLUTE
    .\lib\BHUEN_library\Peripheral\NRF24L01\NRF24L01.c 0x00000000   Number         0  NRF24L01.o ABSOLUTE
    .\lib\BHUEN_library\Peripheral\QDtech\QDtech.c 0x00000000   Number         0  QDtech.o ABSOLUTE
    .\lib\BHUEN_library\Peripheral\TFT\TFT.c 0x00000000   Number         0  TFT.o ABSOLUTE
    .\lib\BHUEN_library\Peripheral\W5500\W5500.c 0x00000000   Number         0  W5500.o ABSOLUTE
    .\lib\BHUEN_library\Peripheral\dht11\dht11.c 0x00000000   Number         0  dht11.o ABSOLUTE
    .\lib\BHUEN_library\Peripheral\him\him.c 0x00000000   Number         0  him.o ABSOLUTE
    .\lib\BHUEN_library\Peripheral\lcd1602\lcd1602.c 0x00000000   Number         0  lcd1602.o ABSOLUTE
    .\lib\BHUEN_library\Peripheral\led_1488\led_1488.c 0x00000000   Number         0  led_1488.o ABSOLUTE
    .\lib\BHUEN_library\Peripheral\oled\oled.c 0x00000000   Number         0  oled.o ABSOLUTE
    .\lib\BHUEN_library\Scoke\http_head.c    0x00000000   Number         0  http_head.o ABSOLUTE
    .\lib\Core\adc.c                         0x00000000   Number         0  adc.o ABSOLUTE
    .\lib\Core\delay.c                       0x00000000   Number         0  delay.o ABSOLUTE
    .\lib\Core\exti.c                        0x00000000   Number         0  exti.o ABSOLUTE
    .\lib\Core\gpio.c                        0x00000000   Number         0  gpio.o ABSOLUTE
    .\lib\Core\pwm.c                         0x00000000   Number         0  pwm.o ABSOLUTE
    .\lib\Core\timer.c                       0x00000000   Number         0  timer.o ABSOLUTE
    .\lib\Servo\Servo.cpp                    0x00000000   Number         0  Servo.o ABSOLUTE
    .\lib\hal\STM32F10x_StdPeriph_Driver\src\misc.c 0x00000000   Number         0  misc.o ABSOLUTE
    .\lib\hal\STM32F10x_StdPeriph_Driver\src\stm32f10x_adc.c 0x00000000   Number         0  stm32f10x_adc.o ABSOLUTE
    .\lib\hal\STM32F10x_StdPeriph_Driver\src\stm32f10x_bkp.c 0x00000000   Number         0  stm32f10x_bkp.o ABSOLUTE
    .\lib\hal\STM32F10x_StdPeriph_Driver\src\stm32f10x_can.c 0x00000000   Number         0  stm32f10x_can.o ABSOLUTE
    .\lib\hal\STM32F10x_StdPeriph_Driver\src\stm32f10x_cec.c 0x00000000   Number         0  stm32f10x_cec.o ABSOLUTE
    .\lib\hal\STM32F10x_StdPeriph_Driver\src\stm32f10x_crc.c 0x00000000   Number         0  stm32f10x_crc.o ABSOLUTE
    .\lib\hal\STM32F10x_StdPeriph_Driver\src\stm32f10x_dac.c 0x00000000   Number         0  stm32f10x_dac.o ABSOLUTE
    .\lib\hal\STM32F10x_StdPeriph_Driver\src\stm32f10x_dbgmcu.c 0x00000000   Number         0  stm32f10x_dbgmcu.o ABSOLUTE
    .\lib\hal\STM32F10x_StdPeriph_Driver\src\stm32f10x_dma.c 0x00000000   Number         0  stm32f10x_dma.o ABSOLUTE
    .\lib\hal\STM32F10x_StdPeriph_Driver\src\stm32f10x_exti.c 0x00000000   Number         0  stm32f10x_exti.o ABSOLUTE
    .\lib\hal\STM32F10x_StdPeriph_Driver\src\stm32f10x_flash.c 0x00000000   Number         0  stm32f10x_flash.o ABSOLUTE
    .\lib\hal\STM32F10x_StdPeriph_Driver\src\stm32f10x_fsmc.c 0x00000000   Number         0  stm32f10x_fsmc.o ABSOLUTE
    .\lib\hal\STM32F10x_StdPeriph_Driver\src\stm32f10x_gpio.c 0x00000000   Number         0  stm32f10x_gpio.o ABSOLUTE
    .\lib\hal\STM32F10x_StdPeriph_Driver\src\stm32f10x_i2c.c 0x00000000   Number         0  stm32f10x_i2c.o ABSOLUTE
    .\lib\hal\STM32F10x_StdPeriph_Driver\src\stm32f10x_iwdg.c 0x00000000   Number         0  stm32f10x_iwdg.o ABSOLUTE
    .\lib\hal\STM32F10x_StdPeriph_Driver\src\stm32f10x_pwr.c 0x00000000   Number         0  stm32f10x_pwr.o ABSOLUTE
    .\lib\hal\STM32F10x_StdPeriph_Driver\src\stm32f10x_rcc.c 0x00000000   Number         0  stm32f10x_rcc.o ABSOLUTE
    .\lib\hal\STM32F10x_StdPeriph_Driver\src\stm32f10x_rtc.c 0x00000000   Number         0  stm32f10x_rtc.o ABSOLUTE
    .\lib\hal\STM32F10x_StdPeriph_Driver\src\stm32f10x_sdio.c 0x00000000   Number         0  stm32f10x_sdio.o ABSOLUTE
    .\lib\hal\STM32F10x_StdPeriph_Driver\src\stm32f10x_spi.c 0x00000000   Number         0  stm32f10x_spi.o ABSOLUTE
    .\lib\hal\STM32F10x_StdPeriph_Driver\src\stm32f10x_tim.c 0x00000000   Number         0  stm32f10x_tim.o ABSOLUTE
    .\lib\hal\STM32F10x_StdPeriph_Driver\src\stm32f10x_usart.c 0x00000000   Number         0  stm32f10x_usart.o ABSOLUTE
    .\lib\hal\STM32F10x_StdPeriph_Driver\src\stm32f10x_wwdg.c 0x00000000   Number         0  stm32f10x_wwdg.o ABSOLUTE
    .\lib\hal\STM32F10x_StdPeriph_Driver\system_stm32f10x.c 0x00000000   Number         0  system_stm32f10x.o ABSOLUTE
    .\lib\qiArdlib\HardwareSerial.cpp        0x00000000   Number         0  HardwareSerial.o ABSOLUTE
    .\lib\qiArdlib\IPAddress.cpp             0x00000000   Number         0  IPAddress.o ABSOLUTE
    .\lib\qiArdlib\Print.cpp                 0x00000000   Number         0  Print.o ABSOLUTE
    .\lib\qiArdlib\SPI.cpp                   0x00000000   Number         0  SPI.o ABSOLUTE
    .\lib\qiArdlib\Stream.cpp                0x00000000   Number         0  Stream.o ABSOLUTE
    .\lib\qiArdlib\Tone.cpp                  0x00000000   Number         0  Tone.o ABSOLUTE
    .\lib\qiArdlib\WMath.cpp                 0x00000000   Number         0  WMath.o ABSOLUTE
    .\lib\qiArdlib\WString.cpp               0x00000000   Number         0  WString.o ABSOLUTE
    .\lib\qiArdlib\Wire.cpp                  0x00000000   Number         0  Wire.o ABSOLUTE
    .\lib\qiArdlib\WireBase.cpp              0x00000000   Number         0  WireBase.o ABSOLUTE
    .\lib\qiArdlib\dtostrf.c                 0x00000000   Number         0  dtostrf.o ABSOLUTE
    .\lib\qiArdlib\itoa.c                    0x00000000   Number         0  itoa.o ABSOLUTE
    .\lib\qiArdlib\new.cpp                   0x00000000   Number         0  new.o ABSOLUTE
    .\lib\qiArdlib\qiArdlib.c                0x00000000   Number         0  qiArdlib.o ABSOLUTE
    .\src\main.cpp                           0x00000000   Number         0  main.o ABSOLUTE
    .\src\startup_stm32f10x_md.s             0x00000000   Number         0  startup_stm32f10x_md.o ABSOLUTE
    cdcmple.s                                0x00000000   Number         0  cdcmple.o ABSOLUTE
    cdrcmple.s                               0x00000000   Number         0  cdrcmple.o ABSOLUTE
    cfcmple.s                                0x00000000   Number         0  cfcmple.o ABSOLUTE
    cfrcmple.s                               0x00000000   Number         0  cfrcmple.o ABSOLUTE
    dc.s                                     0x00000000   Number         0  dc.o ABSOLUTE
    handlers.s                               0x00000000   Number         0  handlers.o ABSOLUTE
    init.s                                   0x00000000   Number         0  init.o ABSOLUTE
    RESET                                    0x08000000   Section      236  startup_stm32f10x_md.o(RESET)
    .ARM.Collect$$$$00000000                 0x080000ec   Section        0  entry.o(.ARM.Collect$$$$00000000)
    .ARM.Collect$$$$00000001                 0x080000ec   Section        4  entry2.o(.ARM.Collect$$$$00000001)
    .ARM.Collect$$$$00000004                 0x080000f0   Section        4  entry5.o(.ARM.Collect$$$$00000004)
    .ARM.Collect$$$$00000008                 0x080000f4   Section        0  entry7b.o(.ARM.Collect$$$$00000008)
    .ARM.Collect$$$$00000009                 0x080000f4   Section        4  entry8a.o(.ARM.Collect$$$$00000009)
    .ARM.Collect$$$$0000000A                 0x080000f8   Section        0  entry8b.o(.ARM.Collect$$$$0000000A)
    .ARM.Collect$$$$0000000B                 0x080000f8   Section        8  entry9a.o(.ARM.Collect$$$$0000000B)
    .ARM.Collect$$$$0000000D                 0x08000100   Section        0  entry10a.o(.ARM.Collect$$$$0000000D)
    .ARM.Collect$$$$0000000E                 0x08000100   Section        4  entry10b.o(.ARM.Collect$$$$0000000E)
    .ARM.Collect$$$$0000000F                 0x08000104   Section        0  entry11a.o(.ARM.Collect$$$$0000000F)
    .ARM.Collect$$$$00002712                 0x08000104   Section        4  entry2.o(.ARM.Collect$$$$00002712)
    __lit__00000000                          0x08000104   Data           4  entry2.o(.ARM.Collect$$$$00002712)
    .text                                    0x08000108   Section       36  startup_stm32f10x_md.o(.text)
    .text                                    0x0800012c   Section        0  uldiv.o(.text)
    .text                                    0x0800018e   Section        0  memmovea.o(.text)
    .text                                    0x080001d0   Section        0  cpp_init.o(.text)
    .text                                    0x080001f0   Section        0  aeabi_atexit.o(.text)
    .text                                    0x0800021e   Section        0  dadd.o(.text)
    .text                                    0x0800036c   Section        0  dmul.o(.text)
    .text                                    0x08000450   Section        0  ddiv.o(.text)
    .text                                    0x08000530   Section       48  cdrcmple.o(.text)
    .text                                    0x08000560   Section        0  uidiv.o(.text)
    .text                                    0x0800058c   Section        0  llshl.o(.text)
    .text                                    0x080005aa   Section        0  llushr.o(.text)
    .text                                    0x080005ca   Section        0  llsshr.o(.text)
    .text                                    0x080005ee   Section        0  iusefp.o(.text)
    .text                                    0x080005f0   Section        0  cpp_dtor.o(.text)
    .text                                    0x080005f8   Section        0  cpp_signal.o(.text)
    .text                                    0x080005fa   Section        0  cxa_finalize.o(.text)
    .text                                    0x0800063c   Section        0  depilogue.o(.text)
    .text                                    0x080006f6   Section        0  dfixul.o(.text)
    .text                                    0x08000728   Section       36  init.o(.text)
    .text                                    0x0800074c   Section        0  cpp_final.o(.text)
    i.ADC_Cmd                                0x0800074e   Section        0  stm32f10x_adc.o(i.ADC_Cmd)
    i.ADC_DMA_Register                       0x08000764   Section        0  adc.o(i.ADC_DMA_Register)
    i.ADC_DMA_SearchChannel                  0x08000818   Section        0  adc.o(i.ADC_DMA_SearchChannel)
    ADC_DMA_SearchChannel                    0x08000819   Thumb Code    36  adc.o(i.ADC_DMA_SearchChannel)
    i.ADC_DeInit                             0x08000844   Section        0  stm32f10x_adc.o(i.ADC_DeInit)
    i.ADC_GetCalibrationStatus               0x080008a0   Section        0  stm32f10x_adc.o(i.ADC_GetCalibrationStatus)
    i.ADC_GetConversionValue                 0x080008b4   Section        0  stm32f10x_adc.o(i.ADC_GetConversionValue)
    i.ADC_GetFlagStatus                      0x080008bc   Section        0  stm32f10x_adc.o(i.ADC_GetFlagStatus)
    i.ADC_GetResetCalibrationStatus          0x080008ce   Section        0  stm32f10x_adc.o(i.ADC_GetResetCalibrationStatus)
    i.ADC_Init                               0x080008e4   Section        0  stm32f10x_adc.o(i.ADC_Init)
    i.ADC_RegularChannelConfig               0x08000934   Section        0  stm32f10x_adc.o(i.ADC_RegularChannelConfig)
    i.ADC_ResetCalibration                   0x080009ec   Section        0  stm32f10x_adc.o(i.ADC_ResetCalibration)
    i.ADC_SoftwareStartConvCmd               0x080009f6   Section        0  stm32f10x_adc.o(i.ADC_SoftwareStartConvCmd)
    i.ADC_StartCalibration                   0x08000a0c   Section        0  stm32f10x_adc.o(i.ADC_StartCalibration)
    i.ADCx_GetValue                          0x08000a16   Section        0  adc.o(i.ADCx_GetValue)
    i.ADCx_Init                              0x08000a48   Section        0  adc.o(i.ADCx_Init)
    i.Delay_Init                             0x08000af0   Section        0  delay.o(i.Delay_Init)
    i.EXTI0_IRQHandler                       0x08000b3c   Section        0  exti.o(i.EXTI0_IRQHandler)
    i.EXTI15_10_IRQHandler                   0x08000b64   Section        0  exti.o(i.EXTI15_10_IRQHandler)
    i.EXTI1_IRQHandler                       0x08000c38   Section        0  exti.o(i.EXTI1_IRQHandler)
    i.EXTI2_IRQHandler                       0x08000c60   Section        0  exti.o(i.EXTI2_IRQHandler)
    i.EXTI3_IRQHandler                       0x08000c88   Section        0  exti.o(i.EXTI3_IRQHandler)
    i.EXTI4_IRQHandler                       0x08000cb0   Section        0  exti.o(i.EXTI4_IRQHandler)
    i.EXTI9_5_IRQHandler                     0x08000cd8   Section        0  exti.o(i.EXTI9_5_IRQHandler)
    i.EXTI_ClearITPendingBit                 0x08000d80   Section        0  stm32f10x_exti.o(i.EXTI_ClearITPendingBit)
    i.EXTI_GetITStatus                       0x08000d8c   Section        0  stm32f10x_exti.o(i.EXTI_GetITStatus)
    i.GPIO_Init                              0x08000db4   Section        0  stm32f10x_gpio.o(i.GPIO_Init)
    i.GPIOx_Init                             0x08000ecc   Section        0  gpio.o(i.GPIOx_Init)
    i.NVIC_Init                              0x08000f74   Section        0  misc.o(i.NVIC_Init)
    i.NVIC_PriorityGroupConfig               0x08000fe4   Section        0  misc.o(i.NVIC_PriorityGroupConfig)
    i.PWM_Init                               0x08000ff8   Section        0  pwm.o(i.PWM_Init)
    i.RCC_ADCCLKConfig                       0x0800108c   Section        0  stm32f10x_rcc.o(i.RCC_ADCCLKConfig)
    i.RCC_APB1PeriphClockCmd                 0x080010a4   Section        0  stm32f10x_rcc.o(i.RCC_APB1PeriphClockCmd)
    i.RCC_APB2PeriphClockCmd                 0x080010c4   Section        0  stm32f10x_rcc.o(i.RCC_APB2PeriphClockCmd)
    i.RCC_APB2PeriphResetCmd                 0x080010e4   Section        0  stm32f10x_rcc.o(i.RCC_APB2PeriphResetCmd)
    i.RCC_GetClocksFreq                      0x08001104   Section        0  stm32f10x_rcc.o(i.RCC_GetClocksFreq)
    i.RCC_GetFlagStatus                      0x080011d8   Section        0  stm32f10x_rcc.o(i.RCC_GetFlagStatus)
    i.RCC_GetSYSCLKSource                    0x08001214   Section        0  stm32f10x_rcc.o(i.RCC_GetSYSCLKSource)
    i.RCC_HCLKConfig                         0x08001224   Section        0  stm32f10x_rcc.o(i.RCC_HCLKConfig)
    i.RCC_HSEConfig                          0x0800123c   Section        0  stm32f10x_rcc.o(i.RCC_HSEConfig)
    i.RCC_PCLK1Config                        0x08001288   Section        0  stm32f10x_rcc.o(i.RCC_PCLK1Config)
    i.RCC_PCLK2Config                        0x080012a0   Section        0  stm32f10x_rcc.o(i.RCC_PCLK2Config)
    i.RCC_PLLCmd                             0x080012b8   Section        0  stm32f10x_rcc.o(i.RCC_PLLCmd)
    i.RCC_PLLConfig                          0x080012c4   Section        0  stm32f10x_rcc.o(i.RCC_PLLConfig)
    i.RCC_SYSCLKConfig                       0x080012e0   Section        0  stm32f10x_rcc.o(i.RCC_SYSCLKConfig)
    i.RCC_WaitForHSEStartUp                  0x080012f8   Section        0  stm32f10x_rcc.o(i.RCC_WaitForHSEStartUp)
    i.SetSysClock                            0x08001330   Section        0  system_stm32f10x.o(i.SetSysClock)
    SetSysClock                              0x08001331   Thumb Code     8  system_stm32f10x.o(i.SetSysClock)
    i.SetSysClockTo72                        0x08001338   Section        0  system_stm32f10x.o(i.SetSysClockTo72)
    SetSysClockTo72                          0x08001339   Thumb Code   214  system_stm32f10x.o(i.SetSysClockTo72)
    i.SysClock_Init                          0x08001418   Section        0  delay.o(i.SysClock_Init)
    i.SysTick_Handler                        0x080014a0   Section        0  delay.o(i.SysTick_Handler)
    i.SystemCoreClockUpdate                  0x080014b0   Section        0  system_stm32f10x.o(i.SystemCoreClockUpdate)
    i.SystemInit                             0x08001554   Section        0  system_stm32f10x.o(i.SystemInit)
    i.TIM1_UP_IRQHandler                     0x080015b4   Section        0  timer.o(i.TIM1_UP_IRQHandler)
    i.TIM2_IRQHandler                        0x080015e4   Section        0  timer.o(i.TIM2_IRQHandler)
    i.TIM3_IRQHandler                        0x08001610   Section        0  timer.o(i.TIM3_IRQHandler)
    i.TIM4_IRQHandler                        0x08001640   Section        0  timer.o(i.TIM4_IRQHandler)
    i.TIM_ClearITPendingBit                  0x08001670   Section        0  stm32f10x_tim.o(i.TIM_ClearITPendingBit)
    i.TIM_Cmd                                0x08001676   Section        0  stm32f10x_tim.o(i.TIM_Cmd)
    i.TIM_CtrlPWMOutputs                     0x0800168e   Section        0  stm32f10x_tim.o(i.TIM_CtrlPWMOutputs)
    i.TIM_GetITStatus                        0x080016ac   Section        0  stm32f10x_tim.o(i.TIM_GetITStatus)
    i.TIM_OC1Init                            0x080016d0   Section        0  stm32f10x_tim.o(i.TIM_OC1Init)
    i.TIM_OC1PreloadConfig                   0x08001768   Section        0  stm32f10x_tim.o(i.TIM_OC1PreloadConfig)
    i.TIM_OC2Init                            0x0800177c   Section        0  stm32f10x_tim.o(i.TIM_OC2Init)
    i.TIM_OC2PreloadConfig                   0x08001820   Section        0  stm32f10x_tim.o(i.TIM_OC2PreloadConfig)
    i.TIM_OC3Init                            0x0800183c   Section        0  stm32f10x_tim.o(i.TIM_OC3Init)
    i.TIM_OC3PreloadConfig                   0x080018dc   Section        0  stm32f10x_tim.o(i.TIM_OC3PreloadConfig)
    i.TIM_OC4Init                            0x080018f0   Section        0  stm32f10x_tim.o(i.TIM_OC4Init)
    i.TIM_OC4PreloadConfig                   0x0800196c   Section        0  stm32f10x_tim.o(i.TIM_OC4PreloadConfig)
    i.TIM_TimeBaseInit                       0x08001988   Section        0  stm32f10x_tim.o(i.TIM_TimeBaseInit)
    i.TIMx_OCxInit                           0x08001a2c   Section        0  pwm.o(i.TIMx_OCxInit)
    i.Timer_ClockCmd                         0x08001bac   Section        0  timer.o(i.Timer_ClockCmd)
    i.USART1_IRQHandler                      0x08001d10   Section        0  HardwareSerial.o(i.USART1_IRQHandler)
    i.USART2_IRQHandler                      0x08001d20   Section        0  HardwareSerial.o(i.USART2_IRQHandler)
    i.USART3_IRQHandler                      0x08001d30   Section        0  HardwareSerial.o(i.USART3_IRQHandler)
    i.USART_ClearITPendingBit                0x08001d40   Section        0  stm32f10x_usart.o(i.USART_ClearITPendingBit)
    i.USART_Cmd                              0x08001d5e   Section        0  stm32f10x_usart.o(i.USART_Cmd)
    i.USART_GetFlagStatus                    0x08001d76   Section        0  stm32f10x_usart.o(i.USART_GetFlagStatus)
    i.USART_GetITStatus                      0x08001d90   Section        0  stm32f10x_usart.o(i.USART_GetITStatus)
    i.USART_ITConfig                         0x08001de4   Section        0  stm32f10x_usart.o(i.USART_ITConfig)
    i.USART_Init                             0x08001e30   Section        0  stm32f10x_usart.o(i.USART_Init)
    i.USART_ReceiveData                      0x08001f08   Section        0  stm32f10x_usart.o(i.USART_ReceiveData)
    i.USART_SendData                         0x08001f12   Section        0  stm32f10x_usart.o(i.USART_SendData)
    i._Z4loopv                               0x08001f1c   Section        0  main.o(i._Z4loopv)
    i._Z5setupv                              0x08001f58   Section        0  main.o(i._Z5setupv)
    i._ZN14HardwareSerial10IRQHandlerEv      0x08001f8c   Section        0  HardwareSerial.o(i._ZN14HardwareSerial10IRQHandlerEv)
    i._ZN14HardwareSerial5beginEj            0x08001fde   Section        0  HardwareSerial.o(i._ZN14HardwareSerial5beginEj)
    i._ZN14HardwareSerial5beginEj13SERIAL_Config 0x08001ff0   Section        0  HardwareSerial.o(i._ZN14HardwareSerial5beginEj13SERIAL_Config)
    i._ZN14HardwareSerial5beginEj13SERIAL_Confighh 0x0800200c   Section        0  HardwareSerial.o(i._ZN14HardwareSerial5beginEj13SERIAL_Confighh)
    i._ZN14HardwareSerial5writeEh            0x0800212c   Section        0  HardwareSerial.o(i._ZN14HardwareSerial5writeEh)
    i._ZN14HardwareSerialC1EP13USART_TypeDef 0x0800214c   Section        0  HardwareSerial.o(i._ZN14HardwareSerialC1EP13USART_TypeDef)
    i._ZN5Print5printEPKc                    0x08002180   Section        0  Print.o(i._ZN5Print5printEPKc)
    i._ZN5Print5writeEPKc                    0x08002192   Section        0  Print.o(i._ZN5Print5writeEPKc)
    i._ZN5Print6printfEPKcz                  0x080021b4   Section        0  Print.o(i._ZN5Print6printfEPKcz)
    i._ZN7TwoWireC1Ehhh                      0x080021e4   Section        0  Wire.o(i._ZN7TwoWireC1Ehhh)
    i._ZN7TwoWireD1Ev                        0x08002208   Section        0  Wire.o(i._ZN7TwoWireD1Ev)
    i._ZN8SPIClassC1EP11SPI_TypeDef          0x08002224   Section        0  SPI.o(i._ZN8SPIClassC1EP11SPI_TypeDef)
    i._ZN9IPAddressC1Ehhhh                   0x08002228   Section        0  IPAddress.o(i._ZN9IPAddressC1Ehhhh)
    i._ZN9PrintableC2Ev                      0x08002258   Section        0  IPAddress.o(i._ZN9PrintableC2Ev)
    i.__0vsnprintf                           0x08002264   Section        0  printfa.o(i.__0vsnprintf)
    i.__NVIC_SetPriority                     0x08002290   Section        0  delay.o(i.__NVIC_SetPriority)
    __NVIC_SetPriority                       0x08002291   Thumb Code    32  delay.o(i.__NVIC_SetPriority)
    i.__cxa_pure_virtual                     0x080022b8   Section        0  pure_virt.o(i.__cxa_pure_virtual)
    i.__free$realloc                         0x080022c0   Section        0  mallocr.o(i.__free$realloc)
    i.__malloc$realloc                       0x0800231c   Section        0  mallocr.o(i.__malloc$realloc)
    i.__scatterload_copy                     0x0800236c   Section       14  handlers.o(i.__scatterload_copy)
    i.__scatterload_null                     0x0800237a   Section        2  handlers.o(i.__scatterload_null)
    i.__scatterload_zeroinit                 0x0800237c   Section       14  handlers.o(i.__scatterload_zeroinit)
    i.__sti___13_IPAddress_cpp_0fe1e075      0x0800238c   Section        0  IPAddress.o(i.__sti___13_IPAddress_cpp_0fe1e075)
    __sti___13_IPAddress_cpp_0fe1e075        0x0800238d   Thumb Code    20  IPAddress.o(i.__sti___13_IPAddress_cpp_0fe1e075)
    i.__sti___18_HardwareSerial_cpp_cfa1b6a6 0x080023a4   Section        0  HardwareSerial.o(i.__sti___18_HardwareSerial_cpp_cfa1b6a6)
    __sti___18_HardwareSerial_cpp_cfa1b6a6   0x080023a5   Thumb Code    28  HardwareSerial.o(i.__sti___18_HardwareSerial_cpp_cfa1b6a6)
    i.__sti___7_SPI_cpp_ce5662b4             0x080023d8   Section        0  SPI.o(i.__sti___7_SPI_cpp_ce5662b4)
    __sti___7_SPI_cpp_ce5662b4               0x080023d9   Thumb Code    28  SPI.o(i.__sti___7_SPI_cpp_ce5662b4)
    i.__sti___8_Wire_cpp_928ee5ff            0x0800240c   Section        0  Wire.o(i.__sti___8_Wire_cpp_928ee5ff)
    __sti___8_Wire_cpp_928ee5ff              0x0800240d   Thumb Code    26  Wire.o(i.__sti___8_Wire_cpp_928ee5ff)
    i._fp_digits                             0x08002434   Section        0  printfa.o(i._fp_digits)
    _fp_digits                               0x08002435   Thumb Code   366  printfa.o(i._fp_digits)
    i._printf_core                           0x080025b8   Section        0  printfa.o(i._printf_core)
    _printf_core                             0x080025b9   Thumb Code  1744  printfa.o(i._printf_core)
    i._printf_post_padding                   0x08002c94   Section        0  printfa.o(i._printf_post_padding)
    _printf_post_padding                     0x08002c95   Thumb Code    36  printfa.o(i._printf_post_padding)
    i._printf_pre_padding                    0x08002cb8   Section        0  printfa.o(i._printf_pre_padding)
    _printf_pre_padding                      0x08002cb9   Thumb Code    46  printfa.o(i._printf_pre_padding)
    i._snputc                                0x08002ce6   Section        0  printfa.o(i._snputc)
    _snputc                                  0x08002ce7   Thumb Code    22  printfa.o(i._snputc)
    i.analogRead                             0x08002cfc   Section        0  qiArdlib.o(i.analogRead)
    i.delay_ms                               0x08002d30   Section        0  delay.o(i.delay_ms)
    i.internal_alloc                         0x08002d48   Section        0  mallocr.o(i.internal_alloc)
    internal_alloc                           0x08002d49   Thumb Code    76  mallocr.o(i.internal_alloc)
    i.main                                   0x08002d98   Section        0  main.o(i.main)
    i.pinMode                                0x08002db8   Section        0  qiArdlib.o(i.pinMode)
    .constdata                               0x08002e44   Section     1792  gpio.o(.constdata)
    .constdata__ZTV14HardwareSerial          0x08003544   Section       36  HardwareSerial.o(.constdata__ZTV14HardwareSerial)
    .constdata__ZTV5Print                    0x08003568   Section       20  Print.o(.constdata__ZTV5Print)
    .constdata__ZTV6Stream                   0x0800357c   Section       36  HardwareSerial.o(.constdata__ZTV6Stream)
    .constdata__ZTV7TwoWire                  0x080035a0   Section       16  Wire.o(.constdata__ZTV7TwoWire)
    .constdata__ZTV8WireBase                 0x080035b0   Section       16  WireBase.o(.constdata__ZTV8WireBase)
    .constdata__ZTV9IPAddress                0x080035c0   Section       12  IPAddress.o(.constdata__ZTV9IPAddress)
    .constdata__ZTV9Printable                0x080035cc   Section       12  IPAddress.o(.constdata__ZTV9Printable)
    .init_array                              0x080035f8   Section        4  HardwareSerial.o(.init_array)
    .init_array                              0x080035fc   Section        4  IPAddress.o(.init_array)
    .init_array                              0x08003600   Section        4  SPI.o(.init_array)
    .init_array                              0x08003604   Section        4  Wire.o(.init_array)
    .init_array                              0x08003608   Section        0  cpp_init.o(.init_array)
    .data                                    0x20000000   Section        2  adc.o(.data)
    ADC_DMA_RegCnt                           0x20000000   Data           1  adc.o(.data)
    IsInit                                   0x20000001   Data           1  adc.o(.data)
    .data                                    0x20000004   Section      124  delay.o(.data)
    System_ms                                0x20000004   Data           4  delay.o(.data)
    SysClock                                 0x20000008   Data         120  delay.o(.data)
    .data                                    0x20000080   Section       20  stm32f10x_rcc.o(.data)
    APBAHBPrescTable                         0x20000080   Data          16  stm32f10x_rcc.o(.data)
    ADCPrescTable                            0x20000090   Data           4  stm32f10x_rcc.o(.data)
    .data                                    0x20000094   Section       20  system_stm32f10x.o(.data)
    .data                                    0x200000a8   Section        8  IPAddress.o(.data)
    INADDR_NONE                              0x200000a8   Data           8  IPAddress.o(.data)
    .data                                    0x200000b0   Section        4  mvars.o(.data)
    .data                                    0x200000b4   Section        4  mvars.o(.data)
    .data                                    0x200000b8   Section        4  cpp_dtor.o(.data)
    ddtor_pointer                            0x200000b8   Data           4  cpp_dtor.o(.data)
    .bss                                     0x200000bc   Section       54  adc.o(.bss)
    ADC_DMA_RegChannelList                   0x200000bc   Data          18  adc.o(.bss)
    ADC_DMA_ConvertedValue                   0x200000ce   Data          36  adc.o(.bss)
    .bss                                     0x200000f4   Section       64  exti.o(.bss)
    EXTI_Function                            0x200000f4   Data          64  exti.o(.bss)
    .bss                                     0x20000134   Section       32  timer.o(.bss)
    TIMx_Function                            0x20000134   Data          32  timer.o(.bss)
    .bss                                     0x20000154   Section      468  HardwareSerial.o(.bss)
    .bss                                     0x20000328   Section       84  SPI.o(.bss)
    .bss                                     0x2000037c   Section       88  Wire.o(.bss)
    HEAP                                     0x200003d8   Section      512  startup_stm32f10x_md.o(HEAP)
    STACK                                    0x200005d8   Section     1024  startup_stm32f10x_md.o(STACK)

    Global Symbols

    Symbol Name                              Value     Ov Type        Size  Object(Section)

    BuildAttributes$$THM_ISAv4$P$D$K$B$S$PE$A:L22UL41UL21$X:L11$S22US41US21$IEEE1$IW$USESV6$~STKCKD$USESV7$~SHL$OTIME$ROPI$IEEEJ$EBA8$UX$MICROLIB$REQ8$PRES8$EABIv2 0x00000000   Number         0  anon$$obj.o ABSOLUTE
    __ARM_use_no_argv                        0x00000000   Number         0  main.o ABSOLUTE
    __use_no_errno                           0x00000000   Number         0  useno.o ABSOLUTE
    __use_no_exception_handling              0x00000000   Number         0  useno.o ABSOLUTE
    __use_no_fp                              0x00000000   Number         0  useno.o ABSOLUTE
    __use_no_heap                            0x00000000   Number         0  useno.o ABSOLUTE
    __use_no_heap_region                     0x00000000   Number         0  useno.o ABSOLUTE
    __use_no_semihosting                     0x00000000   Number         0  useno.o ABSOLUTE
    __use_no_semihosting_swi                 0x00000000   Number         0  useno.o ABSOLUTE
    __use_no_signal_handling                 0x00000000   Number         0  useno.o ABSOLUTE
    _printf_a                                0x00000000   Number         0  stubs.o ABSOLUTE
    _printf_c                                0x00000000   Number         0  stubs.o ABSOLUTE
    _printf_charcount                        0x00000000   Number         0  stubs.o ABSOLUTE
    _printf_d                                0x00000000   Number         0  stubs.o ABSOLUTE
    _printf_e                                0x00000000   Number         0  stubs.o ABSOLUTE
    _printf_f                                0x00000000   Number         0  stubs.o ABSOLUTE
    _printf_flags                            0x00000000   Number         0  stubs.o ABSOLUTE
    _printf_fp_dec                           0x00000000   Number         0  stubs.o ABSOLUTE
    _printf_fp_hex                           0x00000000   Number         0  stubs.o ABSOLUTE
    _printf_g                                0x00000000   Number         0  stubs.o ABSOLUTE
    _printf_i                                0x00000000   Number         0  stubs.o ABSOLUTE
    _printf_int_dec                          0x00000000   Number         0  stubs.o ABSOLUTE
    _printf_l                                0x00000000   Number         0  stubs.o ABSOLUTE
    _printf_lc                               0x00000000   Number         0  stubs.o ABSOLUTE
    _printf_ll                               0x00000000   Number         0  stubs.o ABSOLUTE
    _printf_lld                              0x00000000   Number         0  stubs.o ABSOLUTE
    _printf_lli                              0x00000000   Number         0  stubs.o ABSOLUTE
    _printf_llo                              0x00000000   Number         0  stubs.o ABSOLUTE
    _printf_llu                              0x00000000   Number         0  stubs.o ABSOLUTE
    _printf_llx                              0x00000000   Number         0  stubs.o ABSOLUTE
    _printf_longlong_dec                     0x00000000   Number         0  stubs.o ABSOLUTE
    _printf_longlong_hex                     0x00000000   Number         0  stubs.o ABSOLUTE
    _printf_longlong_oct                     0x00000000   Number         0  stubs.o ABSOLUTE
    _printf_ls                               0x00000000   Number         0  stubs.o ABSOLUTE
    _printf_mbtowc                           0x00000000   Number         0  stubs.o ABSOLUTE
    _printf_n                                0x00000000   Number         0  stubs.o ABSOLUTE
    _printf_o                                0x00000000   Number         0  stubs.o ABSOLUTE
    _printf_p                                0x00000000   Number         0  stubs.o ABSOLUTE
    _printf_percent                          0x00000000   Number         0  stubs.o ABSOLUTE
    _printf_pre_padding                      0x00000000   Number         0  stubs.o ABSOLUTE
    _printf_return_value                     0x00000000   Number         0  stubs.o ABSOLUTE
    _printf_s                                0x00000000   Number         0  stubs.o ABSOLUTE
    _printf_sizespec                         0x00000000   Number         0  stubs.o ABSOLUTE
    _printf_str                              0x00000000   Number         0  stubs.o ABSOLUTE
    _printf_truncate_signed                  0x00000000   Number         0  stubs.o ABSOLUTE
    _printf_truncate_unsigned                0x00000000   Number         0  stubs.o ABSOLUTE
    _printf_u                                0x00000000   Number         0  stubs.o ABSOLUTE
    _printf_wc                               0x00000000   Number         0  stubs.o ABSOLUTE
    _printf_wctomb                           0x00000000   Number         0  stubs.o ABSOLUTE
    _printf_widthprec                        0x00000000   Number         0  stubs.o ABSOLUTE
    _printf_x                                0x00000000   Number         0  stubs.o ABSOLUTE
    __ARM::default_unexpected_handler()       - Undefined Weak Reference
    __ARM_exceptions_buffer_required          - Undefined Weak Reference
    __decompress                              - Undefined Weak Reference
    _clock_init                               - Undefined Weak Reference
    _microlib_exit                            - Undefined Weak Reference
    __Vectors_Size                           0x000000ec   Number         0  startup_stm32f10x_md.o ABSOLUTE
    __Vectors                                0x08000000   Data           4  startup_stm32f10x_md.o(RESET)
    __dso_handle                             0x08000000   Number         0  startup_stm32f10x_md.o(RESET)
    __Vectors_End                            0x080000ec   Data           0  startup_stm32f10x_md.o(RESET)
    __main                                   0x080000ed   Thumb Code     0  entry.o(.ARM.Collect$$$$00000000)
    _main_stk                                0x080000ed   Thumb Code     0  entry2.o(.ARM.Collect$$$$00000001)
    _main_scatterload                        0x080000f1   Thumb Code     0  entry5.o(.ARM.Collect$$$$00000004)
    __main_after_scatterload                 0x080000f5   Thumb Code     0  entry5.o(.ARM.Collect$$$$00000004)
    _main_clock                              0x080000f5   Thumb Code     0  entry7b.o(.ARM.Collect$$$$00000008)
    _main_cpp_init$empty                     0x080000f5   Thumb Code     0  entry8a.o(.ARM.Collect$$$$00000009)
    _main_cpp_init                           0x080000f9   Thumb Code     0  entry8b.o(.ARM.Collect$$$$0000000A)
    _main_init                               0x080000f9   Thumb Code     0  entry9a.o(.ARM.Collect$$$$0000000B)
    __rt_final_cpp                           0x08000101   Thumb Code     0  entry10a.o(.ARM.Collect$$$$0000000D)
    __rt_final_cpp$nonempty                  0x08000101   Thumb Code     0  entry10b.o(.ARM.Collect$$$$0000000E)
    __rt_final_exit                          0x08000105   Thumb Code     0  entry11a.o(.ARM.Collect$$$$0000000F)
    Reset_Handler                            0x08000109   Thumb Code     8  startup_stm32f10x_md.o(.text)
    NMI_Handler                              0x08000111   Thumb Code     2  startup_stm32f10x_md.o(.text)
    HardFault_Handler                        0x08000113   Thumb Code     2  startup_stm32f10x_md.o(.text)
    MemManage_Handler                        0x08000115   Thumb Code     2  startup_stm32f10x_md.o(.text)
    BusFault_Handler                         0x08000117   Thumb Code     2  startup_stm32f10x_md.o(.text)
    UsageFault_Handler                       0x08000119   Thumb Code     2  startup_stm32f10x_md.o(.text)
    SVC_Handler                              0x0800011b   Thumb Code     2  startup_stm32f10x_md.o(.text)
    DebugMon_Handler                         0x0800011d   Thumb Code     2  startup_stm32f10x_md.o(.text)
    PendSV_Handler                           0x0800011f   Thumb Code     2  startup_stm32f10x_md.o(.text)
    ADC1_2_IRQHandler                        0x08000123   Thumb Code     0  startup_stm32f10x_md.o(.text)
    CAN1_RX1_IRQHandler                      0x08000123   Thumb Code     0  startup_stm32f10x_md.o(.text)
    CAN1_SCE_IRQHandler                      0x08000123   Thumb Code     0  startup_stm32f10x_md.o(.text)
    DMA1_Channel1_IRQHandler                 0x08000123   Thumb Code     0  startup_stm32f10x_md.o(.text)
    DMA1_Channel2_IRQHandler                 0x08000123   Thumb Code     0  startup_stm32f10x_md.o(.text)
    DMA1_Channel3_IRQHandler                 0x08000123   Thumb Code     0  startup_stm32f10x_md.o(.text)
    DMA1_Channel4_IRQHandler                 0x08000123   Thumb Code     0  startup_stm32f10x_md.o(.text)
    DMA1_Channel5_IRQHandler                 0x08000123   Thumb Code     0  startup_stm32f10x_md.o(.text)
    DMA1_Channel6_IRQHandler                 0x08000123   Thumb Code     0  startup_stm32f10x_md.o(.text)
    DMA1_Channel7_IRQHandler                 0x08000123   Thumb Code     0  startup_stm32f10x_md.o(.text)
    FLASH_IRQHandler                         0x08000123   Thumb Code     0  startup_stm32f10x_md.o(.text)
    I2C1_ER_IRQHandler                       0x08000123   Thumb Code     0  startup_stm32f10x_md.o(.text)
    I2C1_EV_IRQHandler                       0x08000123   Thumb Code     0  startup_stm32f10x_md.o(.text)
    I2C2_ER_IRQHandler                       0x08000123   Thumb Code     0  startup_stm32f10x_md.o(.text)
    I2C2_EV_IRQHandler                       0x08000123   Thumb Code     0  startup_stm32f10x_md.o(.text)
    PVD_IRQHandler                           0x08000123   Thumb Code     0  startup_stm32f10x_md.o(.text)
    RCC_IRQHandler                           0x08000123   Thumb Code     0  startup_stm32f10x_md.o(.text)
    RTCAlarm_IRQHandler                      0x08000123   Thumb Code     0  startup_stm32f10x_md.o(.text)
    RTC_IRQHandler                           0x08000123   Thumb Code     0  startup_stm32f10x_md.o(.text)
    SPI1_IRQHandler                          0x08000123   Thumb Code     0  startup_stm32f10x_md.o(.text)
    SPI2_IRQHandler                          0x08000123   Thumb Code     0  startup_stm32f10x_md.o(.text)
    TAMPER_IRQHandler                        0x08000123   Thumb Code     0  startup_stm32f10x_md.o(.text)
    TIM1_BRK_IRQHandler                      0x08000123   Thumb Code     0  startup_stm32f10x_md.o(.text)
    TIM1_CC_IRQHandler                       0x08000123   Thumb Code     0  startup_stm32f10x_md.o(.text)
    TIM1_TRG_COM_IRQHandler                  0x08000123   Thumb Code     0  startup_stm32f10x_md.o(.text)
    USBWakeUp_IRQHandler                     0x08000123   Thumb Code     0  startup_stm32f10x_md.o(.text)
    USB_HP_CAN1_TX_IRQHandler                0x08000123   Thumb Code     0  startup_stm32f10x_md.o(.text)
    USB_LP_CAN1_RX0_IRQHandler               0x08000123   Thumb Code     0  startup_stm32f10x_md.o(.text)
    WWDG_IRQHandler                          0x08000123   Thumb Code     0  startup_stm32f10x_md.o(.text)
    __aeabi_uldivmod                         0x0800012d   Thumb Code    98  uldiv.o(.text)
    ___aeabi_memcpy4$move                    0x0800018f   Thumb Code     0  memmovea.o(.text)
    ___aeabi_memcpy8$move                    0x0800018f   Thumb Code     0  memmovea.o(.text)
    __aeabi_memcpy                           0x0800018f   Thumb Code    64  memmovea.o(.text)
    __aeabi_memmove                          0x0800018f   Thumb Code     0  memmovea.o(.text)
    __aeabi_memmove4                         0x0800018f   Thumb Code     0  memmovea.o(.text)
    __aeabi_memmove8                         0x0800018f   Thumb Code     0  memmovea.o(.text)
    __cpp_initialize__aeabi_                 0x080001d1   Thumb Code    22  cpp_init.o(.text)
    __aeabi_atexit                           0x080001f1   Thumb Code    46  aeabi_atexit.o(.text)
    __aeabi_dadd                             0x0800021f   Thumb Code   322  dadd.o(.text)
    __aeabi_dsub                             0x08000361   Thumb Code     6  dadd.o(.text)
    __aeabi_drsub                            0x08000367   Thumb Code     6  dadd.o(.text)
    __aeabi_dmul                             0x0800036d   Thumb Code   228  dmul.o(.text)
    __aeabi_ddiv                             0x08000451   Thumb Code   222  ddiv.o(.text)
    __aeabi_cdrcmple                         0x08000531   Thumb Code    48  cdrcmple.o(.text)
    __aeabi_uidiv                            0x08000561   Thumb Code     0  uidiv.o(.text)
    __aeabi_uidivmod                         0x08000561   Thumb Code    44  uidiv.o(.text)
    __aeabi_llsl                             0x0800058d   Thumb Code    30  llshl.o(.text)
    _ll_shift_l                              0x0800058d   Thumb Code     0  llshl.o(.text)
    __aeabi_llsr                             0x080005ab   Thumb Code    32  llushr.o(.text)
    _ll_ushift_r                             0x080005ab   Thumb Code     0  llushr.o(.text)
    __aeabi_lasr                             0x080005cb   Thumb Code    36  llsshr.o(.text)
    _ll_sshift_r                             0x080005cb   Thumb Code     0  llsshr.o(.text)
    __I$use$fp                               0x080005ef   Thumb Code     0  iusefp.o(.text)
    __rt_ddtor_pointer_addr                  0x080005f1   Thumb Code     4  cpp_dtor.o(.text)
    __rt_SIGPVFN                             0x080005f9   Thumb Code     2  cpp_signal.o(.text)
    __cxa_finalize                           0x080005fb   Thumb Code    66  cxa_finalize.o(.text)
    _double_round                            0x0800063d   Thumb Code    30  depilogue.o(.text)
    _double_epilogue                         0x0800065b   Thumb Code   156  depilogue.o(.text)
    __aeabi_d2ulz                            0x080006f7   Thumb Code    48  dfixul.o(.text)
    __scatterload                            0x08000729   Thumb Code    28  init.o(.text)
    __scatterload_rt2                        0x08000729   Thumb Code     0  init.o(.text)
    __rt_lib_shutdown_cpp_2                  0x0800074d   Thumb Code     2  cpp_final.o(.text)
    ADC_Cmd                                  0x0800074f   Thumb Code    22  stm32f10x_adc.o(i.ADC_Cmd)
    ADC_DMA_Register                         0x08000765   Thumb Code   168  adc.o(i.ADC_DMA_Register)
    ADC_DeInit                               0x08000845   Thumb Code    78  stm32f10x_adc.o(i.ADC_DeInit)
    ADC_GetCalibrationStatus                 0x080008a1   Thumb Code    20  stm32f10x_adc.o(i.ADC_GetCalibrationStatus)
    ADC_GetConversionValue                   0x080008b5   Thumb Code     8  stm32f10x_adc.o(i.ADC_GetConversionValue)
    ADC_GetFlagStatus                        0x080008bd   Thumb Code    18  stm32f10x_adc.o(i.ADC_GetFlagStatus)
    ADC_GetResetCalibrationStatus            0x080008cf   Thumb Code    20  stm32f10x_adc.o(i.ADC_GetResetCalibrationStatus)
    ADC_Init                                 0x080008e5   Thumb Code    70  stm32f10x_adc.o(i.ADC_Init)
    ADC_RegularChannelConfig                 0x08000935   Thumb Code   184  stm32f10x_adc.o(i.ADC_RegularChannelConfig)
    ADC_ResetCalibration                     0x080009ed   Thumb Code    10  stm32f10x_adc.o(i.ADC_ResetCalibration)
    ADC_SoftwareStartConvCmd                 0x080009f7   Thumb Code    22  stm32f10x_adc.o(i.ADC_SoftwareStartConvCmd)
    ADC_StartCalibration                     0x08000a0d   Thumb Code    10  stm32f10x_adc.o(i.ADC_StartCalibration)
    ADCx_GetValue                            0x08000a17   Thumb Code    48  adc.o(i.ADCx_GetValue)
    ADCx_Init                                0x08000a49   Thumb Code   156  adc.o(i.ADCx_Init)
    Delay_Init                               0x08000af1   Thumb Code    70  delay.o(i.Delay_Init)
    EXTI0_IRQHandler                         0x08000b3d   Thumb Code    34  exti.o(i.EXTI0_IRQHandler)
    EXTI15_10_IRQHandler                     0x08000b65   Thumb Code   208  exti.o(i.EXTI15_10_IRQHandler)
    EXTI1_IRQHandler                         0x08000c39   Thumb Code    34  exti.o(i.EXTI1_IRQHandler)
    EXTI2_IRQHandler                         0x08000c61   Thumb Code    34  exti.o(i.EXTI2_IRQHandler)
    EXTI3_IRQHandler                         0x08000c89   Thumb Code    34  exti.o(i.EXTI3_IRQHandler)
    EXTI4_IRQHandler                         0x08000cb1   Thumb Code    34  exti.o(i.EXTI4_IRQHandler)
    EXTI9_5_IRQHandler                       0x08000cd9   Thumb Code   162  exti.o(i.EXTI9_5_IRQHandler)
    EXTI_ClearITPendingBit                   0x08000d81   Thumb Code     6  stm32f10x_exti.o(i.EXTI_ClearITPendingBit)
    EXTI_GetITStatus                         0x08000d8d   Thumb Code    34  stm32f10x_exti.o(i.EXTI_GetITStatus)
    GPIO_Init                                0x08000db5   Thumb Code   278  stm32f10x_gpio.o(i.GPIO_Init)
    GPIOx_Init                               0x08000ecd   Thumb Code   138  gpio.o(i.GPIOx_Init)
    NVIC_Init                                0x08000f75   Thumb Code   100  misc.o(i.NVIC_Init)
    NVIC_PriorityGroupConfig                 0x08000fe5   Thumb Code    10  misc.o(i.NVIC_PriorityGroupConfig)
    PWM_Init                                 0x08000ff9   Thumb Code   140  pwm.o(i.PWM_Init)
    RCC_ADCCLKConfig                         0x0800108d   Thumb Code    18  stm32f10x_rcc.o(i.RCC_ADCCLKConfig)
    RCC_APB1PeriphClockCmd                   0x080010a5   Thumb Code    26  stm32f10x_rcc.o(i.RCC_APB1PeriphClockCmd)
    RCC_APB2PeriphClockCmd                   0x080010c5   Thumb Code    26  stm32f10x_rcc.o(i.RCC_APB2PeriphClockCmd)
    RCC_APB2PeriphResetCmd                   0x080010e5   Thumb Code    26  stm32f10x_rcc.o(i.RCC_APB2PeriphResetCmd)
    RCC_GetClocksFreq                        0x08001105   Thumb Code   192  stm32f10x_rcc.o(i.RCC_GetClocksFreq)
    RCC_GetFlagStatus                        0x080011d9   Thumb Code    56  stm32f10x_rcc.o(i.RCC_GetFlagStatus)
    RCC_GetSYSCLKSource                      0x08001215   Thumb Code    10  stm32f10x_rcc.o(i.RCC_GetSYSCLKSource)
    RCC_HCLKConfig                           0x08001225   Thumb Code    18  stm32f10x_rcc.o(i.RCC_HCLKConfig)
    RCC_HSEConfig                            0x0800123d   Thumb Code    70  stm32f10x_rcc.o(i.RCC_HSEConfig)
    RCC_PCLK1Config                          0x08001289   Thumb Code    18  stm32f10x_rcc.o(i.RCC_PCLK1Config)
    RCC_PCLK2Config                          0x080012a1   Thumb Code    20  stm32f10x_rcc.o(i.RCC_PCLK2Config)
    RCC_PLLCmd                               0x080012b9   Thumb Code     6  stm32f10x_rcc.o(i.RCC_PLLCmd)
    RCC_PLLConfig                            0x080012c5   Thumb Code    24  stm32f10x_rcc.o(i.RCC_PLLConfig)
    RCC_SYSCLKConfig                         0x080012e1   Thumb Code    18  stm32f10x_rcc.o(i.RCC_SYSCLKConfig)
    RCC_WaitForHSEStartUp                    0x080012f9   Thumb Code    56  stm32f10x_rcc.o(i.RCC_WaitForHSEStartUp)
    SysClock_Init                            0x08001419   Thumb Code   126  delay.o(i.SysClock_Init)
    SysTick_Handler                          0x080014a1   Thumb Code    12  delay.o(i.SysTick_Handler)
    SystemCoreClockUpdate                    0x080014b1   Thumb Code   142  system_stm32f10x.o(i.SystemCoreClockUpdate)
    SystemInit                               0x08001555   Thumb Code    78  system_stm32f10x.o(i.SystemInit)
    TIM1_UP_IRQHandler                       0x080015b5   Thumb Code    38  timer.o(i.TIM1_UP_IRQHandler)
    TIM2_IRQHandler                          0x080015e5   Thumb Code    38  timer.o(i.TIM2_IRQHandler)
    TIM3_IRQHandler                          0x08001611   Thumb Code    38  timer.o(i.TIM3_IRQHandler)
    TIM4_IRQHandler                          0x08001641   Thumb Code    38  timer.o(i.TIM4_IRQHandler)
    TIM_ClearITPendingBit                    0x08001671   Thumb Code     6  stm32f10x_tim.o(i.TIM_ClearITPendingBit)
    TIM_Cmd                                  0x08001677   Thumb Code    24  stm32f10x_tim.o(i.TIM_Cmd)
    TIM_CtrlPWMOutputs                       0x0800168f   Thumb Code    30  stm32f10x_tim.o(i.TIM_CtrlPWMOutputs)
    TIM_GetITStatus                          0x080016ad   Thumb Code    34  stm32f10x_tim.o(i.TIM_GetITStatus)
    TIM_OC1Init                              0x080016d1   Thumb Code   132  stm32f10x_tim.o(i.TIM_OC1Init)
    TIM_OC1PreloadConfig                     0x08001769   Thumb Code    18  stm32f10x_tim.o(i.TIM_OC1PreloadConfig)
    TIM_OC2Init                              0x0800177d   Thumb Code   154  stm32f10x_tim.o(i.TIM_OC2Init)
    TIM_OC2PreloadConfig                     0x08001821   Thumb Code    26  stm32f10x_tim.o(i.TIM_OC2PreloadConfig)
    TIM_OC3Init                              0x0800183d   Thumb Code   150  stm32f10x_tim.o(i.TIM_OC3Init)
    TIM_OC3PreloadConfig                     0x080018dd   Thumb Code    18  stm32f10x_tim.o(i.TIM_OC3PreloadConfig)
    TIM_OC4Init                              0x080018f1   Thumb Code   114  stm32f10x_tim.o(i.TIM_OC4Init)
    TIM_OC4PreloadConfig                     0x0800196d   Thumb Code    26  stm32f10x_tim.o(i.TIM_OC4PreloadConfig)
    TIM_TimeBaseInit                         0x08001989   Thumb Code   122  stm32f10x_tim.o(i.TIM_TimeBaseInit)
    TIMx_OCxInit                             0x08001a2d   Thumb Code   320  pwm.o(i.TIMx_OCxInit)
    Timer_ClockCmd                           0x08001bad   Thumb Code   290  timer.o(i.Timer_ClockCmd)
    USART1_IRQHandler                        0x08001d11   Thumb Code    10  HardwareSerial.o(i.USART1_IRQHandler)
    USART2_IRQHandler                        0x08001d21   Thumb Code    10  HardwareSerial.o(i.USART2_IRQHandler)
    USART3_IRQHandler                        0x08001d31   Thumb Code    10  HardwareSerial.o(i.USART3_IRQHandler)
    USART_ClearITPendingBit                  0x08001d41   Thumb Code    30  stm32f10x_usart.o(i.USART_ClearITPendingBit)
    USART_Cmd                                0x08001d5f   Thumb Code    24  stm32f10x_usart.o(i.USART_Cmd)
    USART_GetFlagStatus                      0x08001d77   Thumb Code    26  stm32f10x_usart.o(i.USART_GetFlagStatus)
    USART_GetITStatus                        0x08001d91   Thumb Code    84  stm32f10x_usart.o(i.USART_GetITStatus)
    USART_ITConfig                           0x08001de5   Thumb Code    74  stm32f10x_usart.o(i.USART_ITConfig)
    USART_Init                               0x08001e31   Thumb Code   210  stm32f10x_usart.o(i.USART_Init)
    USART_ReceiveData                        0x08001f09   Thumb Code    10  stm32f10x_usart.o(i.USART_ReceiveData)
    USART_SendData                           0x08001f13   Thumb Code     8  stm32f10x_usart.o(i.USART_SendData)
    loop()                                   0x08001f1d   Thumb Code    30  main.o(i._Z4loopv)
    setup()                                  0x08001f59   Thumb Code    36  main.o(i._Z5setupv)
    HardwareSerial::IRQHandler()             0x08001f8d   Thumb Code    82  HardwareSerial.o(i._ZN14HardwareSerial10IRQHandlerEv)
    HardwareSerial::begin(unsigned)          0x08001fdf   Thumb Code    18  HardwareSerial.o(i._ZN14HardwareSerial5beginEj)
    HardwareSerial::begin(unsigned, SERIAL_Config) 0x08001ff1   Thumb Code    26  HardwareSerial.o(i._ZN14HardwareSerial5beginEj13SERIAL_Config)
    HardwareSerial::begin(unsigned, SERIAL_Config, unsigned char, unsigned char) 0x0800200d   Thumb Code   268  HardwareSerial.o(i._ZN14HardwareSerial5beginEj13SERIAL_Confighh)
    HardwareSerial::write(unsigned char)     0x0800212d   Thumb Code    32  HardwareSerial.o(i._ZN14HardwareSerial5writeEh)
    HardwareSerial::HardwareSerial(USART_TypeDef*) 0x0800214d   Thumb Code    40  HardwareSerial.o(i._ZN14HardwareSerialC1EP13USART_TypeDef)
    HardwareSerial::HardwareSerial__sub_object(USART_TypeDef*) 0x0800214d   Thumb Code     0  HardwareSerial.o(i._ZN14HardwareSerialC1EP13USART_TypeDef)
    Print::print(const char*)                0x08002181   Thumb Code    18  Print.o(i._ZN5Print5printEPKc)
    Print::write(const char*)                0x08002193   Thumb Code    34  Print.o(i._ZN5Print5writeEPKc)
    Print::printf(const char*, ...)          0x080021b5   Thumb Code    48  Print.o(i._ZN5Print6printfEPKcz)
    TwoWire::TwoWire(unsigned char, unsigned char, unsigned char) 0x080021e5   Thumb Code    26  Wire.o(i._ZN7TwoWireC1Ehhh)
    TwoWire::TwoWire__sub_object(unsigned char, unsigned char, unsigned char) 0x080021e5   Thumb Code     0  Wire.o(i._ZN7TwoWireC1Ehhh)
    TwoWire::~TwoWire()                      0x08002209   Thumb Code    22  Wire.o(i._ZN7TwoWireD1Ev)
    TwoWire::~TwoWire__sub_object()          0x08002209   Thumb Code     0  Wire.o(i._ZN7TwoWireD1Ev)
    SPIClass::SPIClass(SPI_TypeDef*)         0x08002225   Thumb Code     4  SPI.o(i._ZN8SPIClassC1EP11SPI_TypeDef)
    SPIClass::SPIClass__sub_object(SPI_TypeDef*) 0x08002225   Thumb Code     0  SPI.o(i._ZN8SPIClassC1EP11SPI_TypeDef)
    IPAddress::IPAddress(unsigned char, unsigned char, unsigned char, unsigned char) 0x08002229   Thumb Code    44  IPAddress.o(i._ZN9IPAddressC1Ehhhh)
    IPAddress::IPAddress__sub_object(unsigned char, unsigned char, unsigned char, unsigned char) 0x08002229   Thumb Code     0  IPAddress.o(i._ZN9IPAddressC1Ehhhh)
    Printable::Printable__sub_object()       0x08002259   Thumb Code     6  IPAddress.o(i._ZN9PrintableC2Ev)
    __0vsnprintf                             0x08002265   Thumb Code    40  printfa.o(i.__0vsnprintf)
    __1vsnprintf                             0x08002265   Thumb Code     0  printfa.o(i.__0vsnprintf)
    __2vsnprintf                             0x08002265   Thumb Code     0  printfa.o(i.__0vsnprintf)
    __c89vsnprintf                           0x08002265   Thumb Code     0  printfa.o(i.__0vsnprintf)
    vsnprintf                                0x08002265   Thumb Code     0  printfa.o(i.__0vsnprintf)
    __cxa_pure_virtual                       0x080022b9   Thumb Code     6  pure_virt.o(i.__cxa_pure_virtual)
    free                                     0x080022c1   Thumb Code    88  mallocr.o(i.__free$realloc)
    malloc                                   0x0800231d   Thumb Code    64  mallocr.o(i.__malloc$realloc)
    __scatterload_copy                       0x0800236d   Thumb Code    14  handlers.o(i.__scatterload_copy)
    __scatterload_null                       0x0800237b   Thumb Code     2  handlers.o(i.__scatterload_null)
    __scatterload_zeroinit                   0x0800237d   Thumb Code    14  handlers.o(i.__scatterload_zeroinit)
    analogRead                               0x08002cfd   Thumb Code    46  qiArdlib.o(i.analogRead)
    delay_ms                                 0x08002d31   Thumb Code    18  delay.o(i.delay_ms)
    main                                     0x08002d99   Thumb Code    30  main.o(i.main)
    pinMode                                  0x08002db9   Thumb Code   134  qiArdlib.o(i.pinMode)
    PIN_MAP                                  0x08002e44   Data        1792  gpio.o(.constdata)
    vtable for HardwareSerial                0x08003544   Data          36  HardwareSerial.o(.constdata__ZTV14HardwareSerial)
    vtable for Print                         0x08003568   Data          20  Print.o(.constdata__ZTV5Print)
    vtable for Stream                        0x0800357c   Data          36  HardwareSerial.o(.constdata__ZTV6Stream)
    vtable for TwoWire                       0x080035a0   Data          16  Wire.o(.constdata__ZTV7TwoWire)
    vtable for WireBase                      0x080035b0   Data          16  WireBase.o(.constdata__ZTV8WireBase)
    vtable for IPAddress                     0x080035c0   Data          12  IPAddress.o(.constdata__ZTV9IPAddress)
    vtable for Printable                     0x080035cc   Data          12  IPAddress.o(.constdata__ZTV9Printable)
    Region$$Table$$Base                      0x080035d8   Number         0  anon$$obj.o(Region$$Table)
    Region$$Table$$Limit                     0x080035f8   Number         0  anon$$obj.o(Region$$Table)
    SHT$$INIT_ARRAY$$Base                    0x080035f8   Number         0  HardwareSerial.o(.init_array)
    SHT$$INIT_ARRAY$$Limit                   0x08003608   Number         0  cpp_init.o(.init_array)
    SystemCoreClock                          0x20000094   Data           4  system_stm32f10x.o(.data)
    AHBPrescTable                            0x20000098   Data          16  system_stm32f10x.o(.data)
    __microlib_freelist                      0x200000b0   Data           4  mvars.o(.data)
    __microlib_freelist_initialised          0x200000b4   Data           4  mvars.o(.data)
    Serial                                   0x20000154   Data         156  HardwareSerial.o(.bss)
    Serial2                                  0x200001f0   Data         156  HardwareSerial.o(.bss)
    Serial3                                  0x2000028c   Data         156  HardwareSerial.o(.bss)
    SPI                                      0x20000328   Data          28  SPI.o(.bss)
    SPI_2                                    0x20000344   Data          28  SPI.o(.bss)
    SPI_3                                    0x20000360   Data          28  SPI.o(.bss)
    Wire                                     0x2000037c   Data          88  Wire.o(.bss)
    __heap_base                              0x200003d8   Data           0  startup_stm32f10x_md.o(HEAP)
    __heap_limit                             0x200005d8   Data           0  startup_stm32f10x_md.o(HEAP)
    __initial_sp                             0x200009d8   Data           0  startup_stm32f10x_md.o(STACK)



==============================================================================

Memory Map of the image

  Image Entry point : 0x080000ed

  Load Region LR_IROM1 (Base: 0x08000000, Size: 0x000036c4, Max: 0x00010000, ABSOLUTE)

    Execution Region ER_IROM1 (Base: 0x08000000, Size: 0x00003608, Max: 0x00010000, ABSOLUTE)

    Base Addr    Size         Type   Attr      Idx    E Section Name        Object

    0x08000000   0x000000ec   Data   RO         5827    RESET               startup_stm32f10x_md.o
    0x080000ec   0x00000000   Code   RO         8099  * .ARM.Collect$$$$00000000  mc_w.l(entry.o)
    0x080000ec   0x00000004   Code   RO         8530    .ARM.Collect$$$$00000001  mc_w.l(entry2.o)
    0x080000f0   0x00000004   Code   RO         8533    .ARM.Collect$$$$00000004  mc_w.l(entry5.o)
    0x080000f4   0x00000000   Code   RO         8535    .ARM.Collect$$$$00000008  mc_w.l(entry7b.o)
    0x080000f4   0x00000004   Code   RO         8536    .ARM.Collect$$$$00000009  mc_w.l(entry8a.o)
    0x080000f8   0x00000000   Code   RO         8537    .ARM.Collect$$$$0000000A  mc_w.l(entry8b.o)
    0x080000f8   0x00000008   Code   RO         8538    .ARM.Collect$$$$0000000B  mc_w.l(entry9a.o)
    0x08000100   0x00000000   Code   RO         8540    .ARM.Collect$$$$0000000D  mc_w.l(entry10a.o)
    0x08000100   0x00000004   Code   RO         8541    .ARM.Collect$$$$0000000E  mc_w.l(entry10b.o)
    0x08000104   0x00000000   Code   RO         8542    .ARM.Collect$$$$0000000F  mc_w.l(entry11a.o)
    0x08000104   0x00000004   Code   RO         8531    .ARM.Collect$$$$00002712  mc_w.l(entry2.o)
    0x08000108   0x00000024   Code   RO         5828    .text               startup_stm32f10x_md.o
    0x0800012c   0x00000062   Code   RO         8102    .text               mc_w.l(uldiv.o)
    0x0800018e   0x00000040   Code   RO         8141    .text               mc_w.l(memmovea.o)
    0x080001ce   0x00000002   PAD
    0x080001d0   0x00000020   Code   RO         8469    .text               mc_w.l(cpp_init.o)
    0x080001f0   0x0000002e   Code   RO         8471    .text               mc_w.l(aeabi_atexit.o)
    0x0800021e   0x0000014e   Code   RO         8479    .text               mf_w.l(dadd.o)
    0x0800036c   0x000000e4   Code   RO         8481    .text               mf_w.l(dmul.o)
    0x08000450   0x000000de   Code   RO         8483    .text               mf_w.l(ddiv.o)
    0x0800052e   0x00000002   PAD
    0x08000530   0x00000030   Code   RO         8509    .text               mf_w.l(cdrcmple.o)
    0x08000560   0x0000002c   Code   RO         8544    .text               mc_w.l(uidiv.o)
    0x0800058c   0x0000001e   Code   RO         8546    .text               mc_w.l(llshl.o)
    0x080005aa   0x00000020   Code   RO         8548    .text               mc_w.l(llushr.o)
    0x080005ca   0x00000024   Code   RO         8550    .text               mc_w.l(llsshr.o)
    0x080005ee   0x00000000   Code   RO         8565    .text               mc_w.l(iusefp.o)
    0x080005ee   0x00000002   PAD
    0x080005f0   0x00000008   Code   RO         8566    .text               mc_w.l(cpp_dtor.o)
    0x080005f8   0x00000002   Code   RO         8569    .text               mc_w.l(cpp_signal.o)
    0x080005fa   0x00000042   Code   RO         8571    .text               mc_w.l(cxa_finalize.o)
    0x0800063c   0x000000ba   Code   RO         8575    .text               mf_w.l(depilogue.o)
    0x080006f6   0x00000030   Code   RO         8577    .text               mf_w.l(dfixul.o)
    0x08000726   0x00000002   PAD
    0x08000728   0x00000024   Code   RO         8592    .text               mc_w.l(init.o)
    0x0800074c   0x00000002   Code   RO         8602    .text               mc_w.l(cpp_final.o)
    0x0800074e   0x00000016   Code   RO         2407    i.ADC_Cmd           stm32f10x_adc.o
    0x08000764   0x000000b4   Code   RO         1793    i.ADC_DMA_Register  adc.o
    0x08000818   0x0000002c   Code   RO         1794    i.ADC_DMA_SearchChannel  adc.o
    0x08000844   0x0000005c   Code   RO         2409    i.ADC_DeInit        stm32f10x_adc.o
    0x080008a0   0x00000014   Code   RO         2415    i.ADC_GetCalibrationStatus  stm32f10x_adc.o
    0x080008b4   0x00000008   Code   RO         2416    i.ADC_GetConversionValue  stm32f10x_adc.o
    0x080008bc   0x00000012   Code   RO         2418    i.ADC_GetFlagStatus  stm32f10x_adc.o
    0x080008ce   0x00000014   Code   RO         2421    i.ADC_GetResetCalibrationStatus  stm32f10x_adc.o
    0x080008e2   0x00000002   PAD
    0x080008e4   0x00000050   Code   RO         2425    i.ADC_Init          stm32f10x_adc.o
    0x08000934   0x000000b8   Code   RO         2429    i.ADC_RegularChannelConfig  stm32f10x_adc.o
    0x080009ec   0x0000000a   Code   RO         2430    i.ADC_ResetCalibration  stm32f10x_adc.o
    0x080009f6   0x00000016   Code   RO         2432    i.ADC_SoftwareStartConvCmd  stm32f10x_adc.o
    0x08000a0c   0x0000000a   Code   RO         2434    i.ADC_StartCalibration  stm32f10x_adc.o
    0x08000a16   0x00000030   Code   RO         1795    i.ADCx_GetValue     adc.o
    0x08000a46   0x00000002   PAD
    0x08000a48   0x000000a8   Code   RO         1796    i.ADCx_Init         adc.o
    0x08000af0   0x0000004c   Code   RO         1850    i.Delay_Init        delay.o
    0x08000b3c   0x00000028   Code   RO         1921    i.EXTI0_IRQHandler  exti.o
    0x08000b64   0x000000d4   Code   RO         1922    i.EXTI15_10_IRQHandler  exti.o
    0x08000c38   0x00000028   Code   RO         1923    i.EXTI1_IRQHandler  exti.o
    0x08000c60   0x00000028   Code   RO         1924    i.EXTI2_IRQHandler  exti.o
    0x08000c88   0x00000028   Code   RO         1925    i.EXTI3_IRQHandler  exti.o
    0x08000cb0   0x00000028   Code   RO         1926    i.EXTI4_IRQHandler  exti.o
    0x08000cd8   0x000000a8   Code   RO         1927    i.EXTI9_5_IRQHandler  exti.o
    0x08000d80   0x0000000c   Code   RO         3277    i.EXTI_ClearITPendingBit  stm32f10x_exti.o
    0x08000d8c   0x00000028   Code   RO         3281    i.EXTI_GetITStatus  stm32f10x_exti.o
    0x08000db4   0x00000116   Code   RO         3675    i.GPIO_Init         stm32f10x_gpio.o
    0x08000eca   0x00000002   PAD
    0x08000ecc   0x000000a8   Code   RO         2021    i.GPIOx_Init        gpio.o
    0x08000f74   0x00000070   Code   RO         2284    i.NVIC_Init         misc.o
    0x08000fe4   0x00000014   Code   RO         2285    i.NVIC_PriorityGroupConfig  misc.o
    0x08000ff8   0x00000094   Code   RO         2071    i.PWM_Init          pwm.o
    0x0800108c   0x00000018   Code   RO         4143    i.RCC_ADCCLKConfig  stm32f10x_rcc.o
    0x080010a4   0x00000020   Code   RO         4145    i.RCC_APB1PeriphClockCmd  stm32f10x_rcc.o
    0x080010c4   0x00000020   Code   RO         4147    i.RCC_APB2PeriphClockCmd  stm32f10x_rcc.o
    0x080010e4   0x00000020   Code   RO         4148    i.RCC_APB2PeriphResetCmd  stm32f10x_rcc.o
    0x08001104   0x000000d4   Code   RO         4155    i.RCC_GetClocksFreq  stm32f10x_rcc.o
    0x080011d8   0x0000003c   Code   RO         4156    i.RCC_GetFlagStatus  stm32f10x_rcc.o
    0x08001214   0x00000010   Code   RO         4158    i.RCC_GetSYSCLKSource  stm32f10x_rcc.o
    0x08001224   0x00000018   Code   RO         4159    i.RCC_HCLKConfig    stm32f10x_rcc.o
    0x0800123c   0x0000004c   Code   RO         4160    i.RCC_HSEConfig     stm32f10x_rcc.o
    0x08001288   0x00000018   Code   RO         4166    i.RCC_PCLK1Config   stm32f10x_rcc.o
    0x080012a0   0x00000018   Code   RO         4167    i.RCC_PCLK2Config   stm32f10x_rcc.o
    0x080012b8   0x0000000c   Code   RO         4168    i.RCC_PLLCmd        stm32f10x_rcc.o
    0x080012c4   0x0000001c   Code   RO         4169    i.RCC_PLLConfig     stm32f10x_rcc.o
    0x080012e0   0x00000018   Code   RO         4172    i.RCC_SYSCLKConfig  stm32f10x_rcc.o
    0x080012f8   0x00000038   Code   RO         4174    i.RCC_WaitForHSEStartUp  stm32f10x_rcc.o
    0x08001330   0x00000008   Code   RO         5644    i.SetSysClock       system_stm32f10x.o
    0x08001338   0x000000e0   Code   RO         5645    i.SetSysClockTo72   system_stm32f10x.o
    0x08001418   0x00000088   Code   RO         1851    i.SysClock_Init     delay.o
    0x080014a0   0x00000010   Code   RO         1852    i.SysTick_Handler   delay.o
    0x080014b0   0x000000a4   Code   RO         5646    i.SystemCoreClockUpdate  system_stm32f10x.o
    0x08001554   0x00000060   Code   RO         5647    i.SystemInit        system_stm32f10x.o
    0x080015b4   0x00000030   Code   RO         2166    i.TIM1_UP_IRQHandler  timer.o
    0x080015e4   0x0000002c   Code   RO         2167    i.TIM2_IRQHandler   timer.o
    0x08001610   0x00000030   Code   RO         2168    i.TIM3_IRQHandler   timer.o
    0x08001640   0x00000030   Code   RO         2169    i.TIM4_IRQHandler   timer.o
    0x08001670   0x00000006   Code   RO         4831    i.TIM_ClearITPendingBit  stm32f10x_tim.o
    0x08001676   0x00000018   Code   RO         4836    i.TIM_Cmd           stm32f10x_tim.o
    0x0800168e   0x0000001e   Code   RO         4838    i.TIM_CtrlPWMOutputs  stm32f10x_tim.o
    0x080016ac   0x00000022   Code   RO         4857    i.TIM_GetITStatus   stm32f10x_tim.o
    0x080016ce   0x00000002   PAD
    0x080016d0   0x00000098   Code   RO         4865    i.TIM_OC1Init       stm32f10x_tim.o
    0x08001768   0x00000012   Code   RO         4868    i.TIM_OC1PreloadConfig  stm32f10x_tim.o
    0x0800177a   0x00000002   PAD
    0x0800177c   0x000000a4   Code   RO         4870    i.TIM_OC2Init       stm32f10x_tim.o
    0x08001820   0x0000001a   Code   RO         4873    i.TIM_OC2PreloadConfig  stm32f10x_tim.o
    0x0800183a   0x00000002   PAD
    0x0800183c   0x000000a0   Code   RO         4875    i.TIM_OC3Init       stm32f10x_tim.o
    0x080018dc   0x00000012   Code   RO         4878    i.TIM_OC3PreloadConfig  stm32f10x_tim.o
    0x080018ee   0x00000002   PAD
    0x080018f0   0x0000007c   Code   RO         4880    i.TIM_OC4Init       stm32f10x_tim.o
    0x0800196c   0x0000001a   Code   RO         4882    i.TIM_OC4PreloadConfig  stm32f10x_tim.o
    0x08001986   0x00000002   PAD
    0x08001988   0x000000a4   Code   RO         4907    i.TIM_TimeBaseInit  stm32f10x_tim.o
    0x08001a2c   0x00000180   Code   RO         2073    i.TIMx_OCxInit      pwm.o
    0x08001bac   0x00000164   Code   RO         2174    i.Timer_ClockCmd    timer.o
    0x08001d10   0x00000010   Code   RO         6124    i.USART1_IRQHandler  HardwareSerial.o
    0x08001d20   0x00000010   Code   RO         6125    i.USART2_IRQHandler  HardwareSerial.o
    0x08001d30   0x00000010   Code   RO         6126    i.USART3_IRQHandler  HardwareSerial.o
    0x08001d40   0x0000001e   Code   RO         5384    i.USART_ClearITPendingBit  stm32f10x_usart.o
    0x08001d5e   0x00000018   Code   RO         5387    i.USART_Cmd         stm32f10x_usart.o
    0x08001d76   0x0000001a   Code   RO         5390    i.USART_GetFlagStatus  stm32f10x_usart.o
    0x08001d90   0x00000054   Code   RO         5391    i.USART_GetITStatus  stm32f10x_usart.o
    0x08001de4   0x0000004a   Code   RO         5393    i.USART_ITConfig    stm32f10x_usart.o
    0x08001e2e   0x00000002   PAD
    0x08001e30   0x000000d8   Code   RO         5394    i.USART_Init        stm32f10x_usart.o
    0x08001f08   0x0000000a   Code   RO         5401    i.USART_ReceiveData  stm32f10x_usart.o
    0x08001f12   0x00000008   Code   RO         5404    i.USART_SendData    stm32f10x_usart.o
    0x08001f1a   0x00000002   PAD
    0x08001f1c   0x0000003c   Code   RO         7950    i._Z4loopv          main.o
    0x08001f58   0x00000034   Code   RO         7951    i._Z5setupv         main.o
    0x08001f8c   0x00000052   Code   RO         6127    i._ZN14HardwareSerial10IRQHandlerEv  HardwareSerial.o
    0x08001fde   0x00000012   Code   RO         6132    i._ZN14HardwareSerial5beginEj  HardwareSerial.o
    0x08001ff0   0x0000001a   Code   RO         6133    i._ZN14HardwareSerial5beginEj13SERIAL_Config  HardwareSerial.o
    0x0800200a   0x00000002   PAD
    0x0800200c   0x00000120   Code   RO         6134    i._ZN14HardwareSerial5beginEj13SERIAL_Confighh  HardwareSerial.o
    0x0800212c   0x00000020   Code   RO         6136    i._ZN14HardwareSerial5writeEh  HardwareSerial.o
    0x0800214c   0x00000034   Code   RO         6138    i._ZN14HardwareSerialC1EP13USART_TypeDef  HardwareSerial.o
    0x08002180   0x00000012   Code   RO         6364    i._ZN5Print5printEPKc  Print.o
    0x08002192   0x00000022   Code   RO         6376    i._ZN5Print5writeEPKc  Print.o
    0x080021b4   0x00000030   Code   RO         6378    i._ZN5Print6printfEPKcz  Print.o
    0x080021e4   0x00000024   Code   RO         7692    i._ZN7TwoWireC1Ehhh  Wire.o
    0x08002208   0x0000001c   Code   RO         7693    i._ZN7TwoWireD1Ev   Wire.o
    0x08002224   0x00000004   Code   RO         6632    i._ZN8SPIClassC1EP11SPI_TypeDef  SPI.o
    0x08002228   0x00000030   Code   RO         6274    i._ZN9IPAddressC1Ehhhh  IPAddress.o
    0x08002258   0x0000000c   Code   RO         6346    i._ZN9PrintableC2Ev  IPAddress.o
    0x08002264   0x0000002c   Code   RO         8413    i.__0vsnprintf      mc_w.l(printfa.o)
    0x08002290   0x00000028   Code   RO         1853    i.__NVIC_SetPriority  delay.o
    0x080022b8   0x00000006   Code   RO         7986    i.__cxa_pure_virtual  cpprt_w.l(pure_virt.o)
    0x080022be   0x00000002   PAD
    0x080022c0   0x0000005c   Code   RO         8440    i.__free$realloc    mc_w.l(mallocr.o)
    0x0800231c   0x00000050   Code   RO         8441    i.__malloc$realloc  mc_w.l(mallocr.o)
    0x0800236c   0x0000000e   Code   RO         8618    i.__scatterload_copy  mc_w.l(handlers.o)
    0x0800237a   0x00000002   Code   RO         8619    i.__scatterload_null  mc_w.l(handlers.o)
    0x0800237c   0x0000000e   Code   RO         8620    i.__scatterload_zeroinit  mc_w.l(handlers.o)
    0x0800238a   0x00000002   PAD
    0x0800238c   0x00000018   Code   RO         6281    i.__sti___13_IPAddress_cpp_0fe1e075  IPAddress.o
    0x080023a4   0x00000034   Code   RO         6139    i.__sti___18_HardwareSerial_cpp_cfa1b6a6  HardwareSerial.o
    0x080023d8   0x00000034   Code   RO         6635    i.__sti___7_SPI_cpp_ce5662b4  SPI.o
    0x0800240c   0x00000028   Code   RO         7694    i.__sti___8_Wire_cpp_928ee5ff  Wire.o
    0x08002434   0x00000184   Code   RO         8415    i._fp_digits        mc_w.l(printfa.o)
    0x080025b8   0x000006dc   Code   RO         8416    i._printf_core      mc_w.l(printfa.o)
    0x08002c94   0x00000024   Code   RO         8417    i._printf_post_padding  mc_w.l(printfa.o)
    0x08002cb8   0x0000002e   Code   RO         8418    i._printf_pre_padding  mc_w.l(printfa.o)
    0x08002ce6   0x00000016   Code   RO         8419    i._snputc           mc_w.l(printfa.o)
    0x08002cfc   0x00000034   Code   RO         5738    i.analogRead        qiArdlib.o
    0x08002d30   0x00000018   Code   RO         1854    i.delay_ms          delay.o
    0x08002d48   0x00000050   Code   RO         8442    i.internal_alloc    mc_w.l(mallocr.o)
    0x08002d98   0x0000001e   Code   RO         7952    i.main              main.o
    0x08002db6   0x00000002   PAD
    0x08002db8   0x0000008c   Code   RO         5745    i.pinMode           qiArdlib.o
    0x08002e44   0x00000700   Data   RO         2022    .constdata          gpio.o
    0x08003544   0x00000024   Data   RO         6237    .constdata__ZTV14HardwareSerial  HardwareSerial.o
    0x08003568   0x00000014   Data   RO         6565    .constdata__ZTV5Print  Print.o
    0x0800357c   0x00000024   Data   RO         6239    .constdata__ZTV6Stream  HardwareSerial.o
    0x080035a0   0x00000010   Data   RO         7779    .constdata__ZTV7TwoWire  Wire.o
    0x080035b0   0x00000010   Data   RO         7898    .constdata__ZTV8WireBase  WireBase.o
    0x080035c0   0x0000000c   Data   RO         6345    .constdata__ZTV9IPAddress  IPAddress.o
    0x080035cc   0x0000000c   Data   RO         6350    .constdata__ZTV9Printable  IPAddress.o
    0x080035d8   0x00000020   Data   RO         8616    Region$$Table       anon$$obj.o
    0x080035f8   0x00000004   Data   RO         6157    .init_array         HardwareSerial.o
    0x080035fc   0x00000004   Data   RO         6293    .init_array         IPAddress.o
    0x08003600   0x00000004   Data   RO         6664    .init_array         SPI.o
    0x08003604   0x00000004   Data   RO         7710    .init_array         Wire.o
    0x08003608   0x00000000   Data   RO         8467    .init_array         mc_w.l(cpp_init.o)


    Execution Region RW_IRAM1 (Base: 0x20000000, Size: 0x000009d8, Max: 0x00002800, ABSOLUTE)

    Base Addr    Size         Type   Attr      Idx    E Section Name        Object

    0x20000000   0x00000002   Data   RW         1798    .data               adc.o
    0x20000002   0x00000002   PAD
    0x20000004   0x0000007c   Data   RW         1858    .data               delay.o
    0x20000080   0x00000014   Data   RW         4175    .data               stm32f10x_rcc.o
    0x20000094   0x00000014   Data   RW         5648    .data               system_stm32f10x.o
    0x200000a8   0x00000008   Data   RW         6292    .data               IPAddress.o
    0x200000b0   0x00000004   Data   RW         8552    .data               mc_w.l(mvars.o)
    0x200000b4   0x00000004   Data   RW         8553    .data               mc_w.l(mvars.o)
    0x200000b8   0x00000004   Data   RW         8567    .data               mc_w.l(cpp_dtor.o)
    0x200000bc   0x00000036   Zero   RW         1797    .bss                adc.o
    0x200000f2   0x00000002   PAD
    0x200000f4   0x00000040   Zero   RW         1932    .bss                exti.o
    0x20000134   0x00000020   Zero   RW         2182    .bss                timer.o
    0x20000154   0x000001d4   Zero   RW         6156    .bss                HardwareSerial.o
    0x20000328   0x00000054   Zero   RW         6663    .bss                SPI.o
    0x2000037c   0x00000058   Zero   RW         7709    .bss                Wire.o
    0x200003d4   0x00000004   PAD
    0x200003d8   0x00000200   Zero   RW         5826    HEAP                startup_stm32f10x_md.o
    0x200005d8   0x00000400   Zero   RW         5825    STACK               startup_stm32f10x_md.o


==============================================================================

Image component sizes


      Code (inc. data)   RO Data    RW Data    ZI Data      Debug   Object Name

       598         74         76          0        468      13389   HardwareSerial.o
        84         14         28          8          0       2320   IPAddress.o
       100          0         20          0          0      13552   Print.o
        56         24          4          0         84       4558   SPI.o
         0          0          0          0          0        752   STM32_ADC.o
         0          0          0          0          0     240101   Servo.o
       104         30         20          0         88       3811   Wire.o
         0          0         16          0          0          0   WireBase.o
       440         32          0          2         54       2863   adc.o
       292         34          0        124          0      27961   delay.o
       580         40          0          0         64       4143   exti.o
       168         30       1792          0          0       3131   gpio.o
       142         46          0          0          0       1210   main.o
       132         22          0          0          0      12027   misc.o
       532         72          0          0          0       2566   pwm.o
       192         12          0          0          0       1131   qiArdlib.o
        36          8        236          0       1536        756   startup_stm32f10x_md.o
       486         24          0          0          0      17738   stm32f10x_adc.o
        52         12          0          0          0       1132   stm32f10x_exti.o
       278          0          0          0          0      10396   stm32f10x_gpio.o
       676         92          0         20          0      19997   stm32f10x_rcc.o
       946         92          0          0          0      29212   stm32f10x_tim.o
       472          6          0          0          0      12951   stm32f10x_usart.o
         0          0          0          0          0     244128   sys.o
       492         50          0         20          0       2921   system_stm32f10x.o
       544        102          0          0         32       3328   timer.o

    ----------------------------------------------------------------------
      7426        816       2224        176       2332     676074   Object Totals
         0          0         32          0          0          0   (incl. Generated)
        24          0          0          2          6          0   (incl. Padding)

    ----------------------------------------------------------------------

      Code (inc. data)   RO Data    RW Data    ZI Data      Debug   Library Member Name

         6          0          0          0          0         68   pure_virt.o
        46          0          0          0          0         84   aeabi_atexit.o
         8          4          0          4          0         68   cpp_dtor.o
         2          0          0          0          0         68   cpp_final.o
        32         10          0          0          0         80   cpp_init.o
         2          0          0          0          0         68   cpp_signal.o
        66          0          0          0          0         84   cxa_finalize.o
         0          0          0          0          0          0   entry.o
         0          0          0          0          0          0   entry10a.o
         4          0          0          0          0          0   entry10b.o
         0          0          0          0          0          0   entry11a.o
         8          4          0          0          0          0   entry2.o
         4          0          0          0          0          0   entry5.o
         0          0          0          0          0          0   entry7b.o
         4          0          0          0          0          0   entry8a.o
         0          0          0          0          0          0   entry8b.o
         8          4          0          0          0          0   entry9a.o
        30          0          0          0          0          0   handlers.o
        36          8          0          0          0         68   init.o
         0          0          0          0          0          0   iusefp.o
        30          0          0          0          0         68   llshl.o
        36          0          0          0          0         68   llsshr.o
        32          0          0          0          0         68   llushr.o
       252         24          0          0          0        252   mallocr.o
        64          0          0          0          0         76   memmovea.o
         0          0          0          8          0          0   mvars.o
      2292         84          0          0          0        516   printfa.o
        44          0          0          0          0         80   uidiv.o
        98          0          0          0          0         92   uldiv.o
        48          0          0          0          0         68   cdrcmple.o
       334          0          0          0          0        148   dadd.o
       222          0          0          0          0        100   ddiv.o
       186          0          0          0          0        176   depilogue.o
        48          0          0          0          0         68   dfixul.o
       228          0          0          0          0         96   dmul.o

    ----------------------------------------------------------------------
      4182        138          0         12          0       2464   Library Totals
        12          0          0          0          0          0   (incl. Padding)

    ----------------------------------------------------------------------

      Code (inc. data)   RO Data    RW Data    ZI Data      Debug   Library Name

         6          0          0          0          0         68   cpprt_w.l
      3098        138          0         12          0       1740   mc_w.l
      1066          0          0          0          0        656   mf_w.l

    ----------------------------------------------------------------------
      4182        138          0         12          0       2464   Library Totals

    ----------------------------------------------------------------------

==============================================================================


      Code (inc. data)   RO Data    RW Data    ZI Data      Debug   

     11608        954       2224        188       2332     672034   Grand Totals
     11608        954       2224        188       2332     672034   ELF Image Totals
     11608        954       2224        188          0          0   ROM Totals

==============================================================================

    Total RO  Size (Code + RO Data)                13832 (  13.51kB)
    Total RW  Size (RW Data + ZI Data)              2520 (   2.46kB)
    Total ROM Size (Code + RO Data + RW Data)      14020 (  13.69kB)

==============================================================================

